Archive member included to satisfy reference by file (symbol)

c:/program files (x86)/atmel/studio/7.0/toolchain/arm/arm-gnu-toolchain/bin/../lib/gcc/arm-none-eabi/6.3.1/thumb/v6-m\libgcc.a(_udivsi3.o)
                              src/FreeRTOS/tasks.o (__aeabi_uidiv)
c:/program files (x86)/atmel/studio/7.0/toolchain/arm/arm-gnu-toolchain/bin/../lib/gcc/arm-none-eabi/6.3.1/thumb/v6-m\libgcc.a(_dvmd_tls.o)
                              c:/program files (x86)/atmel/studio/7.0/toolchain/arm/arm-gnu-toolchain/bin/../lib/gcc/arm-none-eabi/6.3.1/thumb/v6-m\libgcc.a(_udivsi3.o) (__aeabi_idiv0)
c:/program files (x86)/atmel/studio/7.0/toolchain/arm/arm-gnu-toolchain/bin/../lib/gcc/arm-none-eabi/6.3.1/../../../../arm-none-eabi/lib/thumb/v6-m\libc_nano.a(lib_a-exit.o)
                              c:/program files (x86)/atmel/studio/7.0/toolchain/arm/arm-gnu-toolchain/bin/../lib/gcc/arm-none-eabi/6.3.1/../../../../arm-none-eabi/lib/thumb/v6-m/crt0.o (exit)
c:/program files (x86)/atmel/studio/7.0/toolchain/arm/arm-gnu-toolchain/bin/../lib/gcc/arm-none-eabi/6.3.1/../../../../arm-none-eabi/lib/thumb/v6-m\libc_nano.a(lib_a-impure.o)
                              c:/program files (x86)/atmel/studio/7.0/toolchain/arm/arm-gnu-toolchain/bin/../lib/gcc/arm-none-eabi/6.3.1/../../../../arm-none-eabi/lib/thumb/v6-m\libc_nano.a(lib_a-exit.o) (_global_impure_ptr)
c:/program files (x86)/atmel/studio/7.0/toolchain/arm/arm-gnu-toolchain/bin/../lib/gcc/arm-none-eabi/6.3.1/../../../../arm-none-eabi/lib/thumb/v6-m\libc_nano.a(lib_a-init.o)
                              c:/program files (x86)/atmel/studio/7.0/toolchain/arm/arm-gnu-toolchain/bin/../lib/gcc/arm-none-eabi/6.3.1/../../../../arm-none-eabi/lib/thumb/v6-m/crt0.o (__libc_init_array)
c:/program files (x86)/atmel/studio/7.0/toolchain/arm/arm-gnu-toolchain/bin/../lib/gcc/arm-none-eabi/6.3.1/../../../../arm-none-eabi/lib/thumb/v6-m\libc_nano.a(lib_a-memcpy-stub.o)
                              src/FreeRTOS/queue.o (memcpy)
c:/program files (x86)/atmel/studio/7.0/toolchain/arm/arm-gnu-toolchain/bin/../lib/gcc/arm-none-eabi/6.3.1/../../../../arm-none-eabi/lib/thumb/v6-m\libc_nano.a(lib_a-memset.o)
                              c:/program files (x86)/atmel/studio/7.0/toolchain/arm/arm-gnu-toolchain/bin/../lib/gcc/arm-none-eabi/6.3.1/../../../../arm-none-eabi/lib/thumb/v6-m/crt0.o (memset)
c:/program files (x86)/atmel/studio/7.0/toolchain/arm/arm-gnu-toolchain/bin/../lib/gcc/arm-none-eabi/6.3.1/../../../../arm-none-eabi/lib/thumb/v6-m\libc_nano.a(lib_a-sprintf.o)
                              src/FreeRTOS/tasks.o (sprintf)
c:/program files (x86)/atmel/studio/7.0/toolchain/arm/arm-gnu-toolchain/bin/../lib/gcc/arm-none-eabi/6.3.1/../../../../arm-none-eabi/lib/thumb/v6-m\libc_nano.a(lib_a-strcpy.o)
                              src/FreeRTOS/tasks.o (strcpy)
c:/program files (x86)/atmel/studio/7.0/toolchain/arm/arm-gnu-toolchain/bin/../lib/gcc/arm-none-eabi/6.3.1/../../../../arm-none-eabi/lib/thumb/v6-m\libc_nano.a(lib_a-strlen.o)
                              src/FreeRTOS/tasks.o (strlen)
c:/program files (x86)/atmel/studio/7.0/toolchain/arm/arm-gnu-toolchain/bin/../lib/gcc/arm-none-eabi/6.3.1/../../../../arm-none-eabi/lib/thumb/v6-m\libc_nano.a(lib_a-nano-svfprintf.o)
                              c:/program files (x86)/atmel/studio/7.0/toolchain/arm/arm-gnu-toolchain/bin/../lib/gcc/arm-none-eabi/6.3.1/../../../../arm-none-eabi/lib/thumb/v6-m\libc_nano.a(lib_a-sprintf.o) (_svfprintf_r)
c:/program files (x86)/atmel/studio/7.0/toolchain/arm/arm-gnu-toolchain/bin/../lib/gcc/arm-none-eabi/6.3.1/../../../../arm-none-eabi/lib/thumb/v6-m\libc_nano.a(lib_a-nano-vfprintf_i.o)
                              c:/program files (x86)/atmel/studio/7.0/toolchain/arm/arm-gnu-toolchain/bin/../lib/gcc/arm-none-eabi/6.3.1/../../../../arm-none-eabi/lib/thumb/v6-m\libc_nano.a(lib_a-nano-svfprintf.o) (_printf_i)
c:/program files (x86)/atmel/studio/7.0/toolchain/arm/arm-gnu-toolchain/bin/../lib/gcc/arm-none-eabi/6.3.1/../../../../arm-none-eabi/lib/thumb/v6-m\libc_nano.a(lib_a-memchr-stub.o)
                              c:/program files (x86)/atmel/studio/7.0/toolchain/arm/arm-gnu-toolchain/bin/../lib/gcc/arm-none-eabi/6.3.1/../../../../arm-none-eabi/lib/thumb/v6-m\libc_nano.a(lib_a-nano-svfprintf.o) (memchr)
c:/program files (x86)/atmel/studio/7.0/toolchain/arm/arm-gnu-toolchain/bin/../lib/gcc/arm-none-eabi/6.3.1/../../../../arm-none-eabi/lib/thumb/v6-m\libc_nano.a(lib_a-memmove.o)
                              c:/program files (x86)/atmel/studio/7.0/toolchain/arm/arm-gnu-toolchain/bin/../lib/gcc/arm-none-eabi/6.3.1/../../../../arm-none-eabi/lib/thumb/v6-m\libc_nano.a(lib_a-nano-svfprintf.o) (memmove)
c:/program files (x86)/atmel/studio/7.0/toolchain/arm/arm-gnu-toolchain/bin/../lib/gcc/arm-none-eabi/6.3.1/../../../../arm-none-eabi/lib/thumb/v6-m\libc_nano.a(lib_a-nano-freer.o)
[...]
Memory Configuration

Name             Origin             Length             Attributes
rom              0x00002000         0x0003e000         xr
ram              0x20000000         0x00008000         xrw
*default*        0x00000000         0xffffffff

Linker script and memory map

LOAD c:/program files (x86)/atmel/studio/7.0/toolchain/arm/arm-gnu-toolchain/bin/../lib/gcc/arm-none-eabi/6.3.1/thumb/v6-m/crti.o
LOAD c:/program files (x86)/atmel/studio/7.0/toolchain/arm/arm-gnu-toolchain/bin/../lib/gcc/arm-none-eabi/6.3.1/thumb/v6-m/crtbegin.o
LOAD c:/program files (x86)/atmel/studio/7.0/toolchain/arm/arm-gnu-toolchain/bin/../lib/gcc/arm-none-eabi/6.3.1/../../../../arm-none-eabi/lib/thumb/v6-m/crt0.o
LOAD src/FreeRTOS/croutine.o
LOAD src/FreeRTOS/event_groups.o
LOAD src/FreeRTOS/list.o
LOAD src/FreeRTOS/portable/GCC/ARM_CM0/port.o
LOAD src/FreeRTOS/portable/MemMang/heap_4.o
LOAD src/FreeRTOS/queue.o
LOAD src/FreeRTOS/stream_buffer.o
LOAD src/FreeRTOS/tasks.o
LOAD src/FreeRTOS/timers.o
LOAD src/main.o
LOAD src/ASF/common2/boards/user_board/init.o
LOAD src/ASF/common/utils/interrupt/interrupt_sam_nvic.o
LOAD src/ASF/sam0/drivers/system/clock/clock_samd21_r21_da_ha1/clock.o
LOAD src/ASF/sam0/drivers/system/clock/clock_samd21_r21_da_ha1/gclk.o
LOAD src/ASF/sam0/drivers/system/interrupt/system_interrupt.o
LOAD src/ASF/sam0/drivers/system/pinmux/pinmux.o
LOAD src/ASF/sam0/drivers/system/system.o
LOAD src/ASF/sam0/utils/cmsis/samd21/source/gcc/startup_samd21.o
LOAD src/ASF/sam0/utils/cmsis/samd21/source/system_samd21.o
LOAD src/ASF/sam0/utils/syscalls/gcc/syscalls.o
START GROUP
LOAD ../src/ASF/thirdparty/CMSIS/Lib/GCC\libarm_cortexM0l_math.a
LOAD c:/program files (x86)/atmel/studio/7.0/toolchain/arm/arm-gnu-toolchain/bin/../lib/gcc/arm-none-eabi/6.3.1/../../../../arm-none-eabi/lib/thumb/v6-m\libm.a
END GROUP
START GROUP
LOAD c:/program files (x86)/atmel/studio/7.0/toolchain/arm/arm-gnu-toolchain/bin/../lib/gcc/arm-none-eabi/6.3.1/thumb/v6-m\libgcc.a
LOAD c:/program files (x86)/atmel/studio/7.0/toolchain/arm/arm-gnu-toolchain/bin/../lib/gcc/arm-none-eabi/6.3.1/../../../../arm-none-eabi/lib/thumb/v6-m\libc_nano.a
END GROUP
START GROUP
LOAD c:/program files (x86)/atmel/studio/7.0/toolchain/arm/arm-gnu-toolchain/bin/../lib/gcc/arm-none-eabi/6.3.1/thumb/v6-m\libgcc.a
LOAD c:/program files (x86)/atmel/studio/7.0/toolchain/arm/arm-gnu-toolchain/bin/../lib/gcc/arm-none-eabi/6.3.1/../../../../arm-none-eabi/lib/thumb/v6-m\libc_nano.a
END GROUP
LOAD c:/program files (x86)/atmel/studio/7.0/toolchain/arm/arm-gnu-toolchain/bin/../lib/gcc/arm-none-eabi/6.3.1/thumb/v6-m/crtend.o
LOAD c:/program files (x86)/atmel/studio/7.0/toolchain/arm/arm-gnu-toolchain/bin/../lib/gcc/arm-none-eabi/6.3.1/thumb/v6-m/crtn.o
                0x00002000                STACK_SIZE = DEFINED (STACK_SIZE)?STACK_SIZE:DEFINED (__stack_size__)?__stack_size__:0x2000

.text           0x00002000     0x21e4
                0x00002000                . = ALIGN (0x4)
                0x00002000                _sfixed = .
 *(.vectors .vectors.*)
 .vectors       0x00002000       0xb4 src/ASF/sam0/utils/cmsis/samd21/source/gcc/startup_samd21.o
                0x00002000                exception_table
 *(.text .text.* .gnu.linkonce.t.*)
 .text          0x000020b4       0x60 c:/program files (x86)/atmel/studio/7.0/toolchain/arm/arm-gnu-toolchain/bin/../lib/gcc/arm-none-eabi/6.3.1/thumb/v6-m/crtbegin.o
 .text.vListInitialise
                0x00002114       0x16 src/FreeRTOS/list.o
                0x00002114                vListInitialise
 .text.vListInitialiseItem
                0x0000212a        0x6 src/FreeRTOS/list.o
                0x0000212a                vListInitialiseItem
 .text.vListInsertEnd
                0x00002130       0x18 src/FreeRTOS/list.o
                0x00002130                vListInsertEnd
 .text.vListInsert
                0x00002148       0x2e src/FreeRTOS/list.o
                0x00002148                vListInsert
 .text.uxListRemove
                0x00002176       0x28 src/FreeRTOS/list.o
                0x00002176                uxListRemove
 *fill*         0x0000219e        0x2 
 .text.prvTaskExitError
                0x000021a0       0x24 src/FreeRTOS/portable/GCC/ARM_CM0/port.o
 *fill*         0x000021c4        0xc 
 .text.vPortStartFirstTask
                0x000021d0       0x34 src/FreeRTOS/portable/GCC/ARM_CM0/port.o
 .text.pxPortInitialiseStack
                0x00002204       0x20 src/FreeRTOS/portable/GCC/ARM_CM0/port.o
                0x00002204                pxPortInitialiseStack
 .text.xPortStartScheduler
                0x00002224       0x64 src/FreeRTOS/portable/GCC/ARM_CM0/port.o
                0x00002224                xPortStartScheduler
 .text.vPortYield
                0x00002288       0x18 src/FreeRTOS/portable/GCC/ARM_CM0/port.o
                0x00002288                vPortYield
 .text.vPortEnterCritical
                0x000022a0       0x18 src/FreeRTOS/portable/GCC/ARM_CM0/port.o
                0x000022a0                vPortEnterCritical
 .text.vPortExitCritical
                0x000022b8       0x20 src/FreeRTOS/portable/GCC/ARM_CM0/port.o
                0x000022b8                vPortExitCritical
 .text.ulSetInterruptMaskFromISR
                0x000022d8        0x8 src/FreeRTOS/portable/GCC/ARM_CM0/port.o
                0x000022d8                ulSetInterruptMaskFromISR
 .text.vClearInterruptMaskFromISR
                0x000022e0        0x6 src/FreeRTOS/portable/GCC/ARM_CM0/port.o
                0x000022e0                vClearInterruptMaskFromISR
 *fill*         0x000022e6        0xa 
 .text.PendSV_Handler
                0x000022f0       0x44 src/FreeRTOS/portable/GCC/ARM_CM0/port.o
                0x000022f0                PendSV_Handler
 .text.SysTick_Handler
                0x00002334       0x30 src/FreeRTOS/portable/GCC/ARM_CM0/port.o
                0x00002334                SysTick_Handler
 .text.prvInsertBlockIntoFreeList
                0x00002364       0x54 src/FreeRTOS/portable/MemMang/heap_4.o
 .text.pvPortMalloc
                0x000023b8      0x12c src/FreeRTOS/portable/MemMang/heap_4.o
                0x000023b8                pvPortMalloc
 .text.vPortFree
                0x000024e4       0x60 src/FreeRTOS/portable/MemMang/heap_4.o
                0x000024e4                vPortFree
 .text.prvIsQueueEmpty
                0x00002544       0x1c src/FreeRTOS/queue.o
 .text.prvCopyDataToQueue
                0x00002560       0x7c src/FreeRTOS/queue.o
 .text.prvNotifyQueueSetContainer
                0x000025dc       0x68 src/FreeRTOS/queue.o
 .text.prvCopyDataFromQueue
                0x00002644       0x28 src/FreeRTOS/queue.o
 .text.prvUnlockQueue
                0x0000266c       0xb0 src/FreeRTOS/queue.o
 .text.xQueueGenericReset
                0x0000271c       0x7c src/FreeRTOS/queue.o
                0x0000271c                xQueueGenericReset
 .text.xQueueGenericCreate
                0x00002798       0x4c src/FreeRTOS/queue.o
                0x00002798                xQueueGenericCreate
 .text.xQueueGenericSend
                0x000027e4      0x1ac src/FreeRTOS/queue.o
                0x000027e4                xQueueGenericSend
 .text.xQueueGenericSendFromISR
                0x00002990       0xd0 src/FreeRTOS/queue.o
                0x00002990                xQueueGenericSendFromISR
 .text.xQueueReceive
                0x00002a60      0x154 src/FreeRTOS/queue.o
                0x00002a60                xQueueReceive
 .text.vQueueAddToRegistry
                0x00002bb4       0x30 src/FreeRTOS/queue.o
                0x00002bb4                vQueueAddToRegistry
 .text.vQueueWaitForMessageRestricted
                0x00002be4       0x60 src/FreeRTOS/queue.o
                0x00002be4                vQueueWaitForMessageRestricted
 .text.prvResetNextTaskUnblockTime
                0x00002c44       0x2c src/FreeRTOS/tasks.o
 .text.prvIdleTask
                0x00002c70       0x80 src/FreeRTOS/tasks.o
 .text.prvAddCurrentTaskToDelayedList
                0x00002cf0       0x88 src/FreeRTOS/tasks.o
 .text.xTaskCreate
                0x00002d78      0x1f8 src/FreeRTOS/tasks.o
                0x00002d78                xTaskCreate
 .text.vTaskStartScheduler
                0x00002f70       0x78 src/FreeRTOS/tasks.o
                0x00002f70                vTaskStartScheduler
 .text.vTaskSuspendAll
                0x00002fe8       0x10 src/FreeRTOS/tasks.o
                0x00002fe8                vTaskSuspendAll
 .text.xTaskGetTickCount
                0x00002ff8        0xc src/FreeRTOS/tasks.o
                0x00002ff8                xTaskGetTickCount
 .text.xTaskGetTickCountFromISR
                0x00003004        0xc src/FreeRTOS/tasks.o
                0x00003004                xTaskGetTickCountFromISR
 .text.xTaskIncrementTick
                0x00003010      0x138 src/FreeRTOS/tasks.o
                0x00003010                xTaskIncrementTick
 .text.xTaskResumeAll
                0x00003148      0x100 src/FreeRTOS/tasks.o
                0x00003148                xTaskResumeAll
 .text.vTaskDelay
                0x00003248       0x40 src/FreeRTOS/tasks.o
                0x00003248                vTaskDelay
 .text.vTaskSwitchContext
                0x00003288       0xf8 src/FreeRTOS/tasks.o
                0x00003288                vTaskSwitchContext
 .text.vTaskPlaceOnEventList
                0x00003380       0x2c src/FreeRTOS/tasks.o
                0x00003380                vTaskPlaceOnEventList
 .text.vTaskPlaceOnEventListRestricted
                0x000033ac       0x38 src/FreeRTOS/tasks.o
                0x000033ac                vTaskPlaceOnEventListRestricted
 .text.xTaskRemoveFromEventList
                0x000033e4       0x88 src/FreeRTOS/tasks.o
                0x000033e4                xTaskRemoveFromEventList
 .text.vTaskInternalSetTimeOutState
                0x0000346c       0x18 src/FreeRTOS/tasks.o
                0x0000346c                vTaskInternalSetTimeOutState
 .text.xTaskCheckForTimeOut
                0x00003484       0x70 src/FreeRTOS/tasks.o
                0x00003484                xTaskCheckForTimeOut
 .text.vTaskMissedYield
                0x000034f4        0xc src/FreeRTOS/tasks.o
                0x000034f4                vTaskMissedYield
 .text.xTaskGetSchedulerState
                0x00003500       0x20 src/FreeRTOS/tasks.o
                0x00003500                xTaskGetSchedulerState
 .text.xTaskPriorityDisinherit
                0x00003520       0x7c src/FreeRTOS/tasks.o
                0x00003520                xTaskPriorityDisinherit
 .text.prvInsertTimerInActiveList
                0x0000359c       0x48 src/FreeRTOS/timers.o
 .text.prvCheckForValidListAndQueue
                0x000035e4       0x70 src/FreeRTOS/timers.o
 .text.xTimerCreateTimerTask
                0x00003654       0x48 src/FreeRTOS/timers.o
                0x00003654                xTimerCreateTimerTask
 .text.xTimerGenericCommand
                0x0000369c       0x6c src/FreeRTOS/timers.o
                0x0000369c                xTimerGenericCommand
 .text.prvSampleTimeNow
                0x00003708       0xc0 src/FreeRTOS/timers.o
 .text.prvTimerTask
                0x000037c8      0x1c4 src/FreeRTOS/timers.o
 .text.task_blink_led
                0x0000398c       0x24 src/main.o
                0x0000398c                task_blink_led
 .text.task_blink_rx
                0x000039b0       0x24 src/main.o
                0x000039b0                task_blink_rx
 .text.task_blink_tx
                0x000039d4       0x28 src/main.o
                0x000039d4                task_blink_tx
 .text.main     0x000039fc       0x9c src/main.o
                0x000039fc                main
 .text.vApplicationMallocFailedHook
                0x00003a98        0x4 src/main.o
                0x00003a98                vApplicationMallocFailedHook
 .text.vApplicationStackOverflowHook
                0x00003a9c        0x4 src/main.o
                0x00003a9c                vApplicationStackOverflowHook
 .text.vApplicationTickHook
                0x00003aa0        0x2 src/main.o
                0x00003aa0                vApplicationTickHook
 *fill*         0x00003aa2        0x2 
 .text.vMainConfigureTimerForRunTimeStats
                0x00003aa4       0x10 src/main.o
                0x00003aa4                vMainConfigureTimerForRunTimeStats
 .text.ulMainGetRunTimeCounterValue
                0x00003ab4       0x58 src/main.o
                0x00003ab4                ulMainGetRunTimeCounterValue
 .text.system_board_init
                0x00003b0c        0x2 src/ASF/common2/boards/user_board/init.o
                0x00003b0c                board_init
                0x00003b0c                system_board_init
 *fill*         0x00003b0e        0x2 
 .text.cpu_irq_enter_critical
                0x00003b10       0x40 src/ASF/common/utils/interrupt/interrupt_sam_nvic.o
                0x00003b10                cpu_irq_enter_critical
 .text.cpu_irq_leave_critical
                0x00003b50       0x30 src/ASF/common/utils/interrupt/interrupt_sam_nvic.o
                0x00003b50                cpu_irq_leave_critical
 .text.system_clock_source_osc8m_set_config
                0x00003b80       0x3c src/ASF/sam0/drivers/system/clock/clock_samd21_r21_da_ha1/clock.o
                0x00003b80                system_clock_source_osc8m_set_config
 .text.system_clock_source_enable
                0x00003bbc       0xa8 src/ASF/sam0/drivers/system/clock/clock_samd21_r21_da_ha1/clock.o
                0x00003bbc                system_clock_source_enable
 .text.system_clock_init
                0x00003c64       0x98 src/ASF/sam0/drivers/system/clock/clock_samd21_r21_da_ha1/clock.o
                0x00003c64                system_clock_init
 .text.system_gclk_init
                0x00003cfc       0x24 src/ASF/sam0/drivers/system/clock/clock_samd21_r21_da_ha1/gclk.o
                0x00003cfc                system_gclk_init
 .text.system_gclk_gen_set_config
                0x00003d20       0xb8 src/ASF/sam0/drivers/system/clock/clock_samd21_r21_da_ha1/gclk.o
                0x00003d20                system_gclk_gen_set_config
 .text.system_gclk_gen_enable
                0x00003dd8       0x44 src/ASF/sam0/drivers/system/clock/clock_samd21_r21_da_ha1/gclk.o
                0x00003dd8                system_gclk_gen_enable
 .text.system_gclk_chan_disable
                0x00003e1c       0x5c src/ASF/sam0/drivers/system/clock/clock_samd21_r21_da_ha1/gclk.o
                0x00003e1c                system_gclk_chan_disable
 .text.system_gclk_chan_set_config
                0x00003e78       0x1c src/ASF/sam0/drivers/system/clock/clock_samd21_r21_da_ha1/gclk.o
                0x00003e78                system_gclk_chan_set_config
 .text._system_dummy_init
                0x00003e94        0x2 src/ASF/sam0/drivers/system/system.o
                0x00003e94                _system_extint_init
                0x00003e94                _system_events_init
                0x00003e94                _system_dummy_init
                0x00003e94                _system_divas_init
 *fill*         0x00003e96        0x2 
 .text.system_init
                0x00003e98       0x2c src/ASF/sam0/drivers/system/system.o
                0x00003e98                system_init
 .text.Dummy_Handler
                0x00003ec4        0x2 src/ASF/sam0/utils/cmsis/samd21/source/gcc/startup_samd21.o
                0x00003ec4                DMAC_Handler
                0x00003ec4                HardFault_Handler
                0x00003ec4                AC_Handler
                0x00003ec4                NMI_Handler
                0x00003ec4                SERCOM1_Handler
                0x00003ec4                ADC_Handler
                0x00003ec4                TCC1_Handler
                0x00003ec4                SERCOM2_Handler
                0x00003ec4                TCC0_Handler
                0x00003ec4                RTC_Handler
                0x00003ec4                EIC_Handler
                0x00003ec4                WDT_Handler
                0x00003ec4                TC4_Handler
                0x00003ec4                USB_Handler
                0x00003ec4                TC3_Handler
                0x00003ec4                Dummy_Handler
                0x00003ec4                PM_Handler
                0x00003ec4                SERCOM5_Handler
                0x00003ec4                SVC_Handler
                0x00003ec4                TCC2_Handler
                0x00003ec4                EVSYS_Handler
                0x00003ec4                SERCOM3_Handler
                0x00003ec4                SERCOM4_Handler
                0x00003ec4                I2S_Handler
                0x00003ec4                NVMCTRL_Handler
                0x00003ec4                SERCOM0_Handler
                0x00003ec4                DAC_Handler
                0x00003ec4                PTC_Handler
                0x00003ec4                TC5_Handler
                0x00003ec4                SYSCTRL_Handler
 *fill*         0x00003ec6        0x2 
 .text.Reset_Handler
                0x00003ec8       0xe4 src/ASF/sam0/utils/cmsis/samd21/source/gcc/startup_samd21.o
                0x00003ec8                Reset_Handler
 .text          0x00003fac      0x114 c:/program files (x86)/atmel/studio/7.0/toolchain/arm/arm-gnu-toolchain/bin/../lib/gcc/arm-none-eabi/6.3.1/thumb/v6-m\libgcc.a(_udivsi3.o)
                0x00003fac                __aeabi_uidiv
                0x00003fac                __udivsi3
                0x000040b8                __aeabi_uidivmod
 .text          0x000040c0        0x4 c:/program files (x86)/atmel/studio/7.0/toolchain/arm/arm-gnu-toolchain/bin/../lib/gcc/arm-none-eabi/6.3.1/thumb/v6-m\libgcc.a(_dvmd_tls.o)
                0x000040c0                __aeabi_idiv0
                0x000040c0                __aeabi_ldiv0
 .text.__libc_init_array
                0x000040c4       0x48 c:/program files (x86)/atmel/studio/7.0/toolchain/arm/arm-gnu-toolchain/bin/../lib/gcc/arm-none-eabi/6.3.1/../../../../arm-none-eabi/lib/thumb/v6-m\libc_nano.a(lib_a-init.o)
                0x000040c4                __libc_init_array
 .text.memcpy   0x0000410c       0x12 c:/program files (x86)/atmel/studio/7.0/toolchain/arm/arm-gnu-toolchain/bin/../lib/gcc/arm-none-eabi/6.3.1/../../../../arm-none-eabi/lib/thumb/v6-m\libc_nano.a(lib_a-memcpy-stub.o)
                0x0000410c                memcpy
 .text.memset   0x0000411e       0x10 c:/program files (x86)/atmel/studio/7.0/toolchain/arm/arm-gnu-toolchain/bin/../lib/gcc/arm-none-eabi/6.3.1/../../../../arm-none-eabi/lib/thumb/v6-m\libc_nano.a(lib_a-memset.o)
                0x0000411e                memset
 *(.glue_7t)
 .glue_7t       0x0000412e        0x0 linker stubs
 *(.glue_7)
 .glue_7        0x0000412e        0x0 linker stubs
 *(.rodata .rodata* .gnu.linkonce.r.*)
 *fill*         0x0000412e        0x2 
 .rodata.vTaskStartScheduler.str1.4
                0x00004130        0x5 src/FreeRTOS/tasks.o
 *fill*         0x00004135        0x3 
 .rodata.prvTimerTask
                0x00004138       0x28 src/FreeRTOS/timers.o
 .rodata.prvCheckForValidListAndQueue.str1.4
                0x00004160        0x5 src/FreeRTOS/timers.o
 *fill*         0x00004165        0x3 
 .rodata.xTimerCreateTimerTask.str1.4
                0x00004168        0x8 src/FreeRTOS/timers.o
 .rodata.main.str1.4
                0x00004170       0x30 src/main.o
                                 0x2e (size before relaxing)
 .rodata.system_clock_source_enable
                0x000041a0       0x24 src/ASF/sam0/drivers/system/clock/clock_samd21_r21_da_ha1/clock.o
 *(.ARM.extab* .gnu.linkonce.armextab.*)
                0x000041c4                . = ALIGN (0x4)
 *(.init)
 .init          0x000041c4        0x4 c:/program files (x86)/atmel/studio/7.0/toolchain/arm/arm-gnu-toolchain/bin/../lib/gcc/arm-none-eabi/6.3.1/thumb/v6-m/crti.o
                0x000041c4                _init
 .init          0x000041c8        0x8 c:/program files (x86)/atmel/studio/7.0/toolchain/arm/arm-gnu-toolchain/bin/../lib/gcc/arm-none-eabi/6.3.1/thumb/v6-m/crtn.o
                0x000041d0                . = ALIGN (0x4)
                0x000041d0                __preinit_array_start = .
 *(.preinit_array)
                0x000041d0                __preinit_array_end = .
                0x000041d0                . = ALIGN (0x4)
                0x000041d0                __init_array_start = .
 *(SORT(.init_array.*))
 *(.init_array)
 .init_array    0x000041d0        0x4 c:/program files (x86)/atmel/studio/7.0/toolchain/arm/arm-gnu-toolchain/bin/../lib/gcc/arm-none-eabi/6.3.1/thumb/v6-m/crtbegin.o
                0x000041d4                __init_array_end = .
                0x000041d4                . = ALIGN (0x4)
 *crtbegin.o(.ctors)
 *(EXCLUDE_FILE(*crtend.o) .ctors)
 *(SORT(.ctors.*))
 *crtend.o(.ctors)
                0x000041d4                . = ALIGN (0x4)
 *(.fini)
 .fini          0x000041d4        0x4 c:/program files (x86)/atmel/studio/7.0/toolchain/arm/arm-gnu-toolchain/bin/../lib/gcc/arm-none-eabi/6.3.1/thumb/v6-m/crti.o
                0x000041d4                _fini
 .fini          0x000041d8        0x8 c:/program files (x86)/atmel/studio/7.0/toolchain/arm/arm-gnu-toolchain/bin/../lib/gcc/arm-none-eabi/6.3.1/thumb/v6-m/crtn.o
                0x000041e0                . = ALIGN (0x4)
                0x000041e0                __fini_array_start = .
 *(.fini_array)
 .fini_array    0x000041e0        0x4 c:/program files (x86)/atmel/studio/7.0/toolchain/arm/arm-gnu-toolchain/bin/../lib/gcc/arm-none-eabi/6.3.1/thumb/v6-m/crtbegin.o
 *(SORT(.fini_array.*))
                0x000041e4                __fini_array_end = .
 *crtbegin.o(.dtors)
 *(EXCLUDE_FILE(*crtend.o) .dtors)
 *(SORT(.dtors.*))
 *crtend.o(.dtors)
                0x000041e4                . = ALIGN (0x4)
                0x000041e4                _efixed = .
                [!provide]                PROVIDE (__exidx_start, .)

.vfp11_veneer   0x000041e4        0x0
 .vfp11_veneer  0x000041e4        0x0 linker stubs

.v4_bx          0x000041e4        0x0
 .v4_bx         0x000041e4        0x0 linker stubs

.iplt           0x000041e4        0x0
 .iplt          0x000041e4        0x0 c:/program files (x86)/atmel/studio/7.0/toolchain/arm/arm-gnu-toolchain/bin/../lib/gcc/arm-none-eabi/6.3.1/thumb/v6-m/crtbegin.o

.eh_frame       0x000041e4        0x0
 .eh_frame      0x000041e4        0x0 c:/program files (x86)/atmel/studio/7.0/toolchain/arm/arm-gnu-toolchain/bin/../lib/gcc/arm-none-eabi/6.3.1/thumb/v6-m/crtbegin.o

.rel.dyn        0x000041e4        0x0
 .rel.iplt      0x000041e4        0x0 c:/program files (x86)/atmel/studio/7.0/toolchain/arm/arm-gnu-toolchain/bin/../lib/gcc/arm-none-eabi/6.3.1/thumb/v6-m/crtbegin.o

.jcr            0x000041e4        0x0
 .jcr           0x000041e4        0x0 c:/program files (x86)/atmel/studio/7.0/toolchain/arm/arm-gnu-toolchain/bin/../lib/gcc/arm-none-eabi/6.3.1/thumb/v6-m/crtbegin.o

.igot.plt       0x000041e4        0x0
 .igot.plt      0x000041e4        0x0 c:/program files (x86)/atmel/studio/7.0/toolchain/arm/arm-gnu-toolchain/bin/../lib/gcc/arm-none-eabi/6.3.1/thumb/v6-m/crtbegin.o

.ARM.exidx
 *(.ARM.exidx* .gnu.linkonce.armexidx.*)
                [!provide]                PROVIDE (__exidx_end, .)
                0x000041e4                . = ALIGN (0x4)
                0x000041e4                _etext = .

.relocate       0x20000000        0x8 load address 0x000041e4
                0x20000000                . = ALIGN (0x4)
                0x20000000                _srelocate = .
 *(.ramfunc .ramfunc.*)
 *(.data .data.*)
 .data.uxCriticalNesting
                0x20000000        0x4 src/FreeRTOS/portable/GCC/ARM_CM0/port.o
 .data.g_interrupt_enabled
                0x20000004        0x1 src/ASF/common/utils/interrupt/interrupt_sam_nvic.o
                0x20000004                g_interrupt_enabled
                0x20000008                . = ALIGN (0x4)
 *fill*         0x20000005        0x3 
                0x20000008                _erelocate = .

.bss            0x20000008     0x405c load address 0x000041ec
                0x20000008                . = ALIGN (0x4)
                0x20000008                _sbss = .
                0x20000008                _szero = .
 *(.bss .bss.*)
 .bss           0x20000008       0x1c c:/program files (x86)/atmel/studio/7.0/toolchain/arm/arm-gnu-toolchain/bin/../lib/gcc/arm-none-eabi/6.3.1/thumb/v6-m/crtbegin.o
 .bss.pxEnd     0x20000024        0x4 src/FreeRTOS/portable/MemMang/heap_4.o
 .bss.ucHeap    0x20000028     0x3e80 src/FreeRTOS/portable/MemMang/heap_4.o
 .bss.xBlockAllocatedBit
                0x20003ea8        0x4 src/FreeRTOS/portable/MemMang/heap_4.o
 .bss.xFreeBytesRemaining
                0x20003eac        0x4 src/FreeRTOS/portable/MemMang/heap_4.o
 .bss.xMinimumEverFreeBytesRemaining
                0x20003eb0        0x4 src/FreeRTOS/portable/MemMang/heap_4.o
 .bss.xStart    0x20003eb4        0x8 src/FreeRTOS/portable/MemMang/heap_4.o
 .bss.pxCurrentTCB
                0x20003ebc        0x4 src/FreeRTOS/tasks.o
                0x20003ebc                pxCurrentTCB
 .bss.pxDelayedTaskList
                0x20003ec0        0x4 src/FreeRTOS/tasks.o
 .bss.pxOverflowDelayedTaskList
                0x20003ec4        0x4 src/FreeRTOS/tasks.o
 .bss.pxReadyTasksLists
                0x20003ec8       0x64 src/FreeRTOS/tasks.o
 .bss.ulTaskSwitchedInTime
                0x20003f2c        0x4 src/FreeRTOS/tasks.o
 .bss.uxCurrentNumberOfTasks
                0x20003f30        0x4 src/FreeRTOS/tasks.o
 .bss.uxDeletedTasksWaitingCleanUp
                0x20003f34        0x4 src/FreeRTOS/tasks.o
 .bss.uxPendedTicks
                0x20003f38        0x4 src/FreeRTOS/tasks.o
 .bss.uxSchedulerSuspended
                0x20003f3c        0x4 src/FreeRTOS/tasks.o
 .bss.uxTaskNumber
                0x20003f40        0x4 src/FreeRTOS/tasks.o
 .bss.uxTopReadyPriority
                0x20003f44        0x4 src/FreeRTOS/tasks.o
 .bss.xDelayedTaskList1
                0x20003f48       0x14 src/FreeRTOS/tasks.o
 .bss.xDelayedTaskList2
                0x20003f5c       0x14 src/FreeRTOS/tasks.o
 .bss.xIdleTaskHandle
                0x20003f70        0x4 src/FreeRTOS/tasks.o
 .bss.xNextTaskUnblockTime
                0x20003f74        0x4 src/FreeRTOS/tasks.o
 .bss.xNumOfOverflows
                0x20003f78        0x4 src/FreeRTOS/tasks.o
 .bss.xPendingReadyList
                0x20003f7c       0x14 src/FreeRTOS/tasks.o
 .bss.xSchedulerRunning
                0x20003f90        0x4 src/FreeRTOS/tasks.o
 .bss.xSuspendedTaskList
                0x20003f94       0x14 src/FreeRTOS/tasks.o
 .bss.xTasksWaitingTermination
                0x20003fa8       0x14 src/FreeRTOS/tasks.o
 .bss.xTickCount
                0x20003fbc        0x4 src/FreeRTOS/tasks.o
 .bss.xYieldPending
                0x20003fc0        0x4 src/FreeRTOS/tasks.o
 .bss.pxCurrentTimerList
                0x20003fc4        0x4 src/FreeRTOS/timers.o
 .bss.pxOverflowTimerList
                0x20003fc8        0x4 src/FreeRTOS/timers.o
 .bss.xActiveTimerList1
                0x20003fcc       0x14 src/FreeRTOS/timers.o
 .bss.xActiveTimerList2
                0x20003fe0       0x14 src/FreeRTOS/timers.o
 .bss.xLastTime.12962
                0x20003ff4        0x4 src/FreeRTOS/timers.o
 .bss.xTimerQueue
                0x20003ff8        0x4 src/FreeRTOS/timers.o
 .bss.xTimerTaskHandle
                0x20003ffc        0x4 src/FreeRTOS/timers.o
 .bss.ulClocksPer10thOfAMilliSecond
                0x20004000        0x4 src/main.o
 .bss.cpu_irq_critical_section_counter
                0x20004004        0x4 src/ASF/common/utils/interrupt/interrupt_sam_nvic.o
 .bss.cpu_irq_prev_interrupt_state
                0x20004008        0x1 src/ASF/common/utils/interrupt/interrupt_sam_nvic.o
 *fill*         0x20004009        0x3 
 .bss._system_clock_inst
                0x2000400c       0x18 src/ASF/sam0/drivers/system/clock/clock_samd21_r21_da_ha1/clock.o
 *(COMMON)
 COMMON         0x20004024       0x40 src/FreeRTOS/queue.o
                0x20004024                xQueueRegistry
                0x20004064                . = ALIGN (0x4)
                0x20004064                _ebss = .
                0x20004064                _ezero = .

.stack          0x20004064     0x2004 load address 0x00008248
                0x20004068                . = ALIGN (0x8)
 *fill*         0x20004064        0x4 
                0x20004068                _sstack = .
                0x20006068                . = (. + STACK_SIZE)
 *fill*         0x20004068     0x2000 
                0x20006068                . = ALIGN (0x8)
                0x20006068                _estack = .
                0x20006068                . = ALIGN (0x4)
                0x20006068                _end = .
OUTPUT(Cortex_m0+_ATSAMD21G18A_metro_m0_Express.elf elf32-littlearm)

.ARM.attributes
                0x00000000       0x28
 .ARM.attributes
                0x00000000       0x1e c:/program files (x86)/atmel/studio/7.0/toolchain/arm/arm-gnu-toolchain/bin/../lib/gcc/arm-none-eabi/6.3.1/thumb/v6-m/crti.o
 .ARM.attributes
                0x0000001e       0x2c c:/program files (x86)/atmel/studio/7.0/toolchain/arm/arm-gnu-toolchain/bin/../lib/gcc/arm-none-eabi/6.3.1/thumb/v6-m/crtbegin.o
 .ARM.attributes
                0x0000004a       0x32 src/FreeRTOS/list.o
 .ARM.attributes
                0x0000007c       0x32 src/FreeRTOS/portable/GCC/ARM_CM0/port.o
 .ARM.attributes
                0x000000ae       0x32 src/FreeRTOS/portable/MemMang/heap_4.o
 .ARM.attributes
                0x000000e0       0x32 src/FreeRTOS/queue.o
 .ARM.attributes
                0x00000112       0x32 src/FreeRTOS/tasks.o
 .ARM.attributes
                0x00000144       0x32 src/FreeRTOS/timers.o
 .ARM.attributes
                0x00000176       0x32 src/main.o
 .ARM.attributes
                0x000001a8       0x32 src/ASF/common2/boards/user_board/init.o
 .ARM.attributes
                0x000001da       0x32 src/ASF/common/utils/interrupt/interrupt_sam_nvic.o
 .ARM.attributes
                0x0000020c       0x32 src/ASF/sam0/drivers/system/clock/clock_samd21_r21_da_ha1/clock.o
 .ARM.attributes
                0x0000023e       0x32 src/ASF/sam0/drivers/system/clock/clock_samd21_r21_da_ha1/gclk.o
 .ARM.attributes
                0x00000270       0x32 src/ASF/sam0/drivers/system/system.o
 .ARM.attributes
                0x000002a2       0x32 src/ASF/sam0/utils/cmsis/samd21/source/gcc/startup_samd21.o
 .ARM.attributes
                0x000002d4       0x1e c:/program files (x86)/atmel/studio/7.0/toolchain/arm/arm-gnu-toolchain/bin/../lib/gcc/arm-none-eabi/6.3.1/thumb/v6-m\libgcc.a(_udivsi3.o)
 .ARM.attributes
                0x000002f2       0x1e c:/program files (x86)/atmel/studio/7.0/toolchain/arm/arm-gnu-toolchain/bin/../lib/gcc/arm-none-eabi/6.3.1/thumb/v6-m\libgcc.a(_dvmd_tls.o)
 .ARM.attributes
                0x00000310       0x2c c:/program files (x86)/atmel/studio/7.0/toolchain/arm/arm-gnu-toolchain/bin/../lib/gcc/arm-none-eabi/6.3.1/../../../../arm-none-eabi/lib/thumb/v6-m\libc_nano.a(lib_a-init.o)
 .ARM.attributes
                0x0000033c       0x2c c:/program files (x86)/atmel/studio/7.0/toolchain/arm/arm-gnu-toolchain/bin/../lib/gcc/arm-none-eabi/6.3.1/../../../../arm-none-eabi/lib/thumb/v6-m\libc_nano.a(lib_a-memcpy-stub.o)
 .ARM.attributes
                0x00000368       0x2c c:/program files (x86)/atmel/studio/7.0/toolchain/arm/arm-gnu-toolchain/bin/../lib/gcc/arm-none-eabi/6.3.1/../../../../arm-none-eabi/lib/thumb/v6-m\libc_nano.a(lib_a-memset.o)
 .ARM.attributes
                0x00000394       0x1e c:/program files (x86)/atmel/studio/7.0/toolchain/arm/arm-gnu-toolchain/bin/../lib/gcc/arm-none-eabi/6.3.1/thumb/v6-m/crtn.o

.comment        0x00000000       0x59
 .comment       0x00000000       0x59 src/FreeRTOS/list.o
                                 0x5a (size before relaxing)
 .comment       0x00000059       0x5a src/FreeRTOS/portable/GCC/ARM_CM0/port.o
 .comment       0x00000059       0x5a src/FreeRTOS/portable/MemMang/heap_4.o
 .comment       0x00000059       0x5a src/FreeRTOS/queue.o
 .comment       0x00000059       0x5a src/FreeRTOS/tasks.o
 .comment       0x00000059       0x5a src/FreeRTOS/timers.o
 .comment       0x00000059       0x5a src/main.o
 .comment       0x00000059       0x5a src/ASF/common2/boards/user_board/init.o
 .comment       0x00000059       0x5a src/ASF/common/utils/interrupt/interrupt_sam_nvic.o
 .comment       0x00000059       0x5a src/ASF/sam0/drivers/system/clock/clock_samd21_r21_da_ha1/clock.o
 .comment       0x00000059       0x5a src/ASF/sam0/drivers/system/clock/clock_samd21_r21_da_ha1/gclk.o
 .comment       0x00000059       0x5a src/ASF/sam0/drivers/system/system.o
 .comment       0x00000059       0x5a src/ASF/sam0/utils/cmsis/samd21/source/gcc/startup_samd21.o

.debug_info     0x00000000    0x167e4
 .debug_info    0x00000000      0xc66 src/FreeRTOS/list.o
 .debug_info    0x00000c66      0xd5f src/FreeRTOS/portable/GCC/ARM_CM0/port.o
 .debug_info    0x000019c5      0xe52 src/FreeRTOS/portable/MemMang/heap_4.o
 .debug_info    0x00002817     0x291c src/FreeRTOS/queue.o
 .debug_info    0x00005133     0x32b4 src/FreeRTOS/tasks.o
 .debug_info    0x000083e7     0x1abf src/FreeRTOS/timers.o
 .debug_info    0x00009ea6     0x18d5 src/main.o
 .debug_info    0x0000b77b      0xa3f src/ASF/common2/boards/user_board/init.o
 .debug_info    0x0000c1ba      0xb07 src/ASF/common/utils/interrupt/interrupt_sam_nvic.o
 .debug_info    0x0000ccc1     0x37aa src/ASF/sam0/drivers/system/clock/clock_samd21_r21_da_ha1/clock.o
 .debug_info    0x0001046b     0x1ec7 src/ASF/sam0/drivers/system/clock/clock_samd21_r21_da_ha1/gclk.o
 .debug_info    0x00012332      0xa73 src/ASF/sam0/drivers/system/system.o
 .debug_info    0x00012da5     0x3a3f src/ASF/sam0/utils/cmsis/samd21/source/gcc/startup_samd21.o

.debug_abbrev   0x00000000     0x2944
 .debug_abbrev  0x00000000      0x23b src/FreeRTOS/list.o
 .debug_abbrev  0x0000023b      0x305 src/FreeRTOS/portable/GCC/ARM_CM0/port.o
 .debug_abbrev  0x00000540      0x346 src/FreeRTOS/portable/MemMang/heap_4.o
 .debug_abbrev  0x00000886      0x3e6 src/FreeRTOS/queue.o
 .debug_abbrev  0x00000c6c      0x462 src/FreeRTOS/tasks.o
 .debug_abbrev  0x000010ce      0x3dc src/FreeRTOS/timers.o
 .debug_abbrev  0x000014aa      0x429 src/main.o
 .debug_abbrev  0x000018d3      0x1be src/ASF/common2/boards/user_board/init.o
 .debug_abbrev  0x00001a91      0x22c src/ASF/common/utils/interrupt/interrupt_sam_nvic.o
 .debug_abbrev  0x00001cbd      0x465 src/ASF/sam0/drivers/system/clock/clock_samd21_r21_da_ha1/clock.o
 .debug_abbrev  0x00002122      0x40d src/ASF/sam0/drivers/system/clock/clock_samd21_r21_da_ha1/gclk.o
 .debug_abbrev  0x0000252f      0x1e1 src/ASF/sam0/drivers/system/system.o
 .debug_abbrev  0x00002710      0x234 src/ASF/sam0/utils/cmsis/samd21/source/gcc/startup_samd21.o

.debug_loc      0x00000000     0x7064
 .debug_loc     0x00000000       0x72 src/FreeRTOS/list.o
 .debug_loc     0x00000072      0x133 src/FreeRTOS/portable/GCC/ARM_CM0/port.o
 .debug_loc     0x000001a5      0x354 src/FreeRTOS/portable/MemMang/heap_4.o
 .debug_loc     0x000004f9     0x1fe3 src/FreeRTOS/queue.o
 .debug_loc     0x000024dc     0x27b5 src/FreeRTOS/tasks.o
 .debug_loc     0x00004c91      0xd27 src/FreeRTOS/timers.o
 .debug_loc     0x000059b8      0x282 src/main.o
 .debug_loc     0x00005c3a      0xec6 src/ASF/sam0/drivers/system/clock/clock_samd21_r21_da_ha1/clock.o
 .debug_loc     0x00006b00      0x504 src/ASF/sam0/drivers/system/clock/clock_samd21_r21_da_ha1/gclk.o
 .debug_loc     0x00007004       0x20 src/ASF/sam0/drivers/system/system.o
 .debug_loc     0x00007024       0x40 src/ASF/sam0/utils/cmsis/samd21/source/gcc/startup_samd21.o

.debug_aranges  0x00000000      0x6a8
 .debug_aranges
                0x00000000       0x40 src/FreeRTOS/list.o
 .debug_aranges
                0x00000040       0x80 src/FreeRTOS/portable/GCC/ARM_CM0/port.o
 .debug_aranges
                0x000000c0       0x48 src/FreeRTOS/portable/MemMang/heap_4.o
 .debug_aranges
                0x00000108      0x140 src/FreeRTOS/queue.o
 .debug_aranges
                0x00000248      0x1c8 src/FreeRTOS/tasks.o
 .debug_aranges
                0x00000410       0xa0 src/FreeRTOS/timers.o
 .debug_aranges
                0x000004b0       0x68 src/main.o
 .debug_aranges
                0x00000518       0x20 src/ASF/common2/boards/user_board/init.o
 .debug_aranges
                0x00000538       0x28 src/ASF/common/utils/interrupt/interrupt_sam_nvic.o
 .debug_aranges
                0x00000560       0x78 src/ASF/sam0/drivers/system/clock/clock_samd21_r21_da_ha1/clock.o
 .debug_aranges
                0x000005d8       0x80 src/ASF/sam0/drivers/system/clock/clock_samd21_r21_da_ha1/gclk.o
 .debug_aranges
                0x00000658       0x28 src/ASF/sam0/drivers/system/system.o
 .debug_aranges
                0x00000680       0x28 src/ASF/sam0/utils/cmsis/samd21/source/gcc/startup_samd21.o

.debug_ranges   0x00000000      0x928
 .debug_ranges  0x00000000       0x30 src/FreeRTOS/list.o
 .debug_ranges  0x00000030       0x70 src/FreeRTOS/portable/GCC/ARM_CM0/port.o
 .debug_ranges  0x000000a0       0x38 src/FreeRTOS/portable/MemMang/heap_4.o
 .debug_ranges  0x000000d8      0x240 src/FreeRTOS/queue.o
 .debug_ranges  0x00000318      0x328 src/FreeRTOS/tasks.o
 .debug_ranges  0x00000640      0x100 src/FreeRTOS/timers.o
 .debug_ranges  0x00000740       0xa0 src/main.o
 .debug_ranges  0x000007e0       0x10 src/ASF/common2/boards/user_board/init.o
 .debug_ranges  0x000007f0       0x18 src/ASF/common/utils/interrupt/interrupt_sam_nvic.o
 .debug_ranges  0x00000808       0x68 src/ASF/sam0/drivers/system/clock/clock_samd21_r21_da_ha1/clock.o
 .debug_ranges  0x00000870       0x88 src/ASF/sam0/drivers/system/clock/clock_samd21_r21_da_ha1/gclk.o
 .debug_ranges  0x000008f8       0x18 src/ASF/sam0/drivers/system/system.o
 .debug_ranges  0x00000910       0x18 src/ASF/sam0/utils/cmsis/samd21/source/gcc/startup_samd21.o

.debug_macro    0x00000000     0x4d88
 .debug_macro   0x00000000      0x5ec src/FreeRTOS/list.o
 .debug_macro   0x000005ec      0x65c src/FreeRTOS/portable/GCC/ARM_CM0/port.o
 .debug_macro   0x00000c48      0x614 src/FreeRTOS/portable/MemMang/heap_4.o
 .debug_macro   0x0000125c      0x671 src/FreeRTOS/queue.o
 .debug_macro   0x000018cd       0x16 src/FreeRTOS/queue.o
 .debug_macro   0x000018e3       0x80 src/FreeRTOS/queue.o
 .debug_macro   0x00001963      0x6dc src/FreeRTOS/tasks.o
 .debug_macro   0x0000203f       0x10 src/FreeRTOS/tasks.o
 .debug_macro   0x0000204f      0x644 src/FreeRTOS/timers.o
 .debug_macro   0x00002693       0x97 src/FreeRTOS/timers.o
 .debug_macro   0x0000272a      0x61a src/main.o
 .debug_macro   0x00002d44      0x59b src/ASF/common2/boards/user_board/init.o
 .debug_macro   0x000032df       0x10 src/ASF/common2/boards/user_board/init.o
 .debug_macro   0x000032ef      0x4fe src/ASF/common/utils/interrupt/interrupt_sam_nvic.o
 .debug_macro   0x000037ed      0x56f src/ASF/sam0/drivers/system/clock/clock_samd21_r21_da_ha1/clock.o
 .debug_macro   0x00003d5c      0x298 src/ASF/sam0/drivers/system/clock/clock_samd21_r21_da_ha1/clock.o
 .debug_macro   0x00003ff4      0x534 src/ASF/sam0/drivers/system/clock/clock_samd21_r21_da_ha1/gclk.o
 .debug_macro   0x00004528      0x541 src/ASF/sam0/drivers/system/system.o
 .debug_macro   0x00004a69      0x2e5 src/ASF/sam0/utils/cmsis/samd21/source/gcc/startup_samd21.o
 .debug_macro   0x00004d4e       0x3a src/ASF/sam0/utils/cmsis/samd21/source/gcc/startup_samd21.o

.debug_line     0x00000000     0xab67
 .debug_line    0x00000000      0xca0 src/FreeRTOS/list.o
 .debug_line    0x00000ca0      0xd3c src/FreeRTOS/portable/GCC/ARM_CM0/port.o
 .debug_line    0x000019dc      0xd3c src/FreeRTOS/portable/MemMang/heap_4.o
 .debug_line    0x00002718     0x13b7 src/FreeRTOS/queue.o
 .debug_line    0x00003acf     0x178b src/FreeRTOS/tasks.o
 .debug_line    0x0000525a      0xe9f src/FreeRTOS/timers.o
 .debug_line    0x000060f9      0xd6e src/main.o
 .debug_line    0x00006e67      0xb58 src/ASF/common2/boards/user_board/init.o
 .debug_line    0x000079bf      0x8c5 src/ASF/common/utils/interrupt/interrupt_sam_nvic.o
 .debug_line    0x00008284      0xc48 src/ASF/sam0/drivers/system/clock/clock_samd21_r21_da_ha1/clock.o
 .debug_line    0x00008ecc      0xc6e src/ASF/sam0/drivers/system/clock/clock_samd21_r21_da_ha1/gclk.o
 .debug_line    0x00009b3a      0x9e9 src/ASF/sam0/drivers/system/system.o
 .debug_line    0x0000a523      0x644 src/ASF/sam0/utils/cmsis/samd21/source/gcc/startup_samd21.o

.debug_str      0x00000000    0x8c1f0
 .debug_str     0x00000000    0x83bd1 src/FreeRTOS/list.o
                              0x84499 (size before relaxing)
 .debug_str     0x00083bd1      0xbfe src/FreeRTOS/portable/GCC/ARM_CM0/port.o
                              0x84faf (size before relaxing)
 .debug_str     0x000847cf      0x2ce src/FreeRTOS/portable/MemMang/heap_4.o
                              0x84e16 (size before relaxing)
 .debug_str     0x00084a9d     0x1182 src/FreeRTOS/queue.o
                              0x85f41 (size before relaxing)
 .debug_str     0x00085c1f     0x1bfd src/FreeRTOS/tasks.o
                              0x86c92 (size before relaxing)
 .debug_str     0x0008781c      0x4e2 src/FreeRTOS/timers.o
                              0x86242 (size before relaxing)
 .debug_str     0x00087cfe      0x407 src/main.o
                              0x850cb (size before relaxing)
 .debug_str     0x00088105       0x3e src/ASF/common2/boards/user_board/init.o
                              0x80f8f (size before relaxing)
 .debug_str     0x00088143       0x94 src/ASF/common/utils/interrupt/interrupt_sam_nvic.o
                              0x801f6 (size before relaxing)
 .debug_str     0x000881d7     0x2e18 src/ASF/sam0/drivers/system/clock/clock_samd21_r21_da_ha1/clock.o
                              0x8338f (size before relaxing)
 .debug_str     0x0008afef      0x28b src/ASF/sam0/drivers/system/clock/clock_samd21_r21_da_ha1/gclk.o
                              0x80eb9 (size before relaxing)
 .debug_str     0x0008b27a       0x3b src/ASF/sam0/drivers/system/system.o
                              0x802d3 (size before relaxing)
 .debug_str     0x0008b2b5      0xf3b src/ASF/sam0/utils/cmsis/samd21/source/gcc/startup_samd21.o
                              0x6b2e1 (size before relaxing)

.debug_frame    0x00000000     0x1210
 .debug_frame   0x00000000       0x6c src/FreeRTOS/list.o
 .debug_frame   0x0000006c       0xfc src/FreeRTOS/portable/GCC/ARM_CM0/port.o
 .debug_frame   0x00000168       0x90 src/FreeRTOS/portable/MemMang/heap_4.o
 .debug_frame   0x000001f8      0x3d0 src/FreeRTOS/queue.o
 .debug_frame   0x000005c8      0x5a8 src/FreeRTOS/tasks.o
 .debug_frame   0x00000b70      0x1b4 src/FreeRTOS/timers.o
 .debug_frame   0x00000d24       0xfc src/main.o
 .debug_frame   0x00000e20       0x20 src/ASF/common2/boards/user_board/init.o
 .debug_frame   0x00000e40       0x30 src/ASF/common/utils/interrupt/interrupt_sam_nvic.o
 .debug_frame   0x00000e70      0x14c src/ASF/sam0/drivers/system/clock/clock_samd21_r21_da_ha1/clock.o
 .debug_frame   0x00000fbc      0x148 src/ASF/sam0/drivers/system/clock/clock_samd21_r21_da_ha1/gclk.o
 .debug_frame   0x00001104       0x38 src/ASF/sam0/drivers/system/system.o
 .debug_frame   0x0000113c       0x40 src/ASF/sam0/utils/cmsis/samd21/source/gcc/startup_samd21.o
 .debug_frame   0x0000117c       0x20 c:/program files (x86)/atmel/studio/7.0/toolchain/arm/arm-gnu-toolchain/bin/../lib/gcc/arm-none-eabi/6.3.1/thumb/v6-m\libgcc.a(_udivsi3.o)
 .debug_frame   0x0000119c       0x2c c:/program files (x86)/atmel/studio/7.0/toolchain/arm/arm-gnu-toolchain/bin/../lib/gcc/arm-none-eabi/6.3.1/../../../../arm-none-eabi/lib/thumb/v6-m\libc_nano.a(lib_a-init.o)
 .debug_frame   0x000011c8       0x28 c:/program files (x86)/atmel/studio/7.0/toolchain/arm/arm-gnu-toolchain/bin/../lib/gcc/arm-none-eabi/6.3.1/../../../../arm-none-eabi/lib/thumb/v6-m\libc_nano.a(lib_a-memcpy-stub.o)
 .debug_frame   0x000011f0       0x20 c:/program files (x86)/atmel/studio/7.0/toolchain/arm/arm-gnu-toolchain/bin/../lib/gcc/arm-none-eabi/6.3.1/../../../../arm-none-eabi/lib/thumb/v6-m\libc_nano.a(lib_a-memset.o)

Cross Reference Table

Symbol                                            File
AC_Handler                                        src/ASF/sam0/utils/cmsis/samd21/source/gcc/startup_samd21.o
ADC_Handler                                       src/ASF/sam0/utils/cmsis/samd21/source/gcc/startup_samd21.o
DAC_Handler                                       src/ASF/sam0/utils/cmsis/samd21/source/gcc/startup_samd21.o
DMAC_Handler                                      src/ASF/sam0/utils/cmsis/samd21/source/gcc/startup_samd21.o
Dummy_Handler                                     src/ASF/sam0/utils/cmsis/samd21/source/gcc/startup_samd21.o
EIC_Handler                                       src/ASF/sam0/utils/cmsis/samd21/source/gcc/startup_samd21.o
EVSYS_Handler                                     src/ASF/sam0/utils/cmsis/samd21/source/gcc/startup_samd21.o
HardFault_Handler                                 src/ASF/sam0/utils/cmsis/samd21/source/gcc/startup_samd21.o
I2S_Handler                                       src/ASF/sam0/utils/cmsis/samd21/source/gcc/startup_samd21.o
NMI_Handler                                       src/ASF/sam0/utils/cmsis/samd21/source/gcc/startup_samd21.o
NVMCTRL_Handler                                   src/ASF/sam0/utils/cmsis/samd21/source/gcc/startup_samd21.o
PM_Handler                                        src/ASF/sam0/utils/cmsis/samd21/source/gcc/startup_samd21.o
PTC_Handler                                       src/ASF/sam0/utils/cmsis/samd21/source/gcc/startup_samd21.o
PendSV_Handler                                    src/FreeRTOS/portable/GCC/ARM_CM0/port.o
RTC_Handler                                       src/ASF/sam0/utils/cmsis/samd21/source/gcc/startup_samd21.o
Reset_Handler                                     src/ASF/sam0/utils/cmsis/samd21/source/gcc/startup_samd21.o
SERCOM0_Handler                                   src/ASF/sam0/utils/cmsis/samd21/source/gcc/startup_samd21.o
SERCOM1_Handler                                   src/ASF/sam0/utils/cmsis/samd21/source/gcc/startup_samd21.o
SERCOM2_Handler                                   src/ASF/sam0/utils/cmsis/samd21/source/gcc/startup_samd21.o
SERCOM3_Handler                                   src/ASF/sam0/utils/cmsis/samd21/source/gcc/startup_samd21.o
SERCOM4_Handler                                   src/ASF/sam0/utils/cmsis/samd21/source/gcc/startup_samd21.o
SERCOM5_Handler                                   src/ASF/sam0/utils/cmsis/samd21/source/gcc/startup_samd21.o
SVC_Handler                                       src/ASF/sam0/utils/cmsis/samd21/source/gcc/startup_samd21.o
SYSCTRL_Handler                                   src/ASF/sam0/utils/cmsis/samd21/source/gcc/startup_samd21.o
SysTick_Handler                                   src/FreeRTOS/portable/GCC/ARM_CM0/port.o
SystemCoreClock                                   src/ASF/sam0/utils/cmsis/samd21/source/system_samd21.o
SystemCoreClockUpdate                             src/ASF/sam0/utils/cmsis/samd21/source/system_samd21.o
SystemInit                                        src/ASF/sam0/utils/cmsis/samd21/source/system_samd21.o
TC3_Handler                                       src/ASF/sam0/utils/cmsis/samd21/source/gcc/startup_samd21.o
TC4_Handler                                       src/ASF/sam0/utils/cmsis/samd21/source/gcc/startup_samd21.o
TC5_Handler                                       src/ASF/sam0/utils/cmsis/samd21/source/gcc/startup_samd21.o
TCC0_Handler                                      src/ASF/sam0/utils/cmsis/samd21/source/gcc/startup_samd21.o
TCC1_Handler                                      src/ASF/sam0/utils/cmsis/samd21/source/gcc/startup_samd21.o
TCC2_Handler                                      src/ASF/sam0/utils/cmsis/samd21/source/gcc/startup_samd21.o
USB_Handler                                       src/ASF/sam0/utils/cmsis/samd21/source/gcc/startup_samd21.o
WDT_Handler                                       src/ASF/sam0/utils/cmsis/samd21/source/gcc/startup_samd21.o
_Jv_RegisterClasses                               c:/program files (x86)/atmel/studio/7.0/toolchain/arm/arm-gnu-toolchain/bin/../lib/gcc/arm-none-eabi/6.3.1/thumb/v6-m/crtbegin.o
__aeabi_idiv0                                     c:/program files (x86)/atmel/studio/7.0/toolchain/arm/arm-gnu-toolchain/bin/../lib/gcc/arm-none-eabi/6.3.1/thumb/v6-m\libgcc.a(_dvmd_tls.o)
                                                  c:/program files (x86)/atmel/studio/7.0/toolchain/arm/arm-gnu-toolchain/bin/../lib/gcc/arm-none-eabi/6.3.1/thumb/v6-m\libgcc.a(_udivsi3.o)
__aeabi_ldiv0                                     c:/program files (x86)/atmel/studio/7.0/toolchain/arm/arm-gnu-toolchain/bin/../lib/gcc/arm-none-eabi/6.3.1/thumb/v6-m\libgcc.a(_dvmd_tls.o)
__aeabi_uidiv                                     c:/program files (x86)/atmel/studio/7.0/toolchain/arm/arm-gnu-toolchain/bin/../lib/gcc/arm-none-eabi/6.3.1/thumb/v6-m\libgcc.a(_udivsi3.o)
                                                  c:/program files (x86)/atmel/studio/7.0/toolchain/arm/arm-gnu-toolchain/bin/../lib/gcc/arm-none-eabi/6.3.1/../../../../arm-none-eabi/lib/thumb/v6-m\libc_nano.a(lib_a-nano-vfprintf_i.o)
                                                  src/ASF/sam0/drivers/system/clock/clock_samd21_r21_da_ha1/gclk.o
                                                  src/ASF/sam0/drivers/system/clock/clock_samd21_r21_da_ha1/clock.o
                                                  src/main.o
                                                  src/FreeRTOS/tasks.o
__aeabi_uidivmod                                  c:/program files (x86)/atmel/studio/7.0/toolchain/arm/arm-gnu-toolchain/bin/../lib/gcc/arm-none-eabi/6.3.1/thumb/v6-m\libgcc.a(_udivsi3.o)
                                                  c:/program files (x86)/atmel/studio/7.0/toolchain/arm/arm-gnu-toolchain/bin/../lib/gcc/arm-none-eabi/6.3.1/../../../../arm-none-eabi/lib/thumb/v6-m\libc_nano.a(lib_a-nano-vfprintf_i.o)
__bss_end__                                       c:/program files (x86)/atmel/studio/7.0/toolchain/arm/arm-gnu-toolchain/bin/../lib/gcc/arm-none-eabi/6.3.1/../../../../arm-none-eabi/lib/thumb/v6-m/crt0.o
__bss_start__                                     c:/program files (x86)/atmel/studio/7.0/toolchain/arm/arm-gnu-toolchain/bin/../lib/gcc/arm-none-eabi/6.3.1/../../../../arm-none-eabi/lib/thumb/v6-m/crt0.o
__call_exitprocs                                  c:/program files (x86)/atmel/studio/7.0/toolchain/arm/arm-gnu-toolchain/bin/../lib/gcc/arm-none-eabi/6.3.1/../../../../arm-none-eabi/lib/thumb/v6-m\libc_nano.a(lib_a-exit.o)
__deregister_frame_info                           c:/program files (x86)/atmel/studio/7.0/toolchain/arm/arm-gnu-toolchain/bin/../lib/gcc/arm-none-eabi/6.3.1/thumb/v6-m/crtbegin.o
__dso_handle                                      c:/program files (x86)/atmel/studio/7.0/toolchain/arm/arm-gnu-toolchain/bin/../lib/gcc/arm-none-eabi/6.3.1/thumb/v6-m/crtbegin.o
__init_array_end                                  c:/program files (x86)/atmel/studio/7.0/toolchain/arm/arm-gnu-toolchain/bin/../lib/gcc/arm-none-eabi/6.3.1/../../../../arm-none-eabi/lib/thumb/v6-m\libc_nano.a(lib_a-init.o)
__init_array_start                                c:/program files (x86)/atmel/studio/7.0/toolchain/arm/arm-gnu-toolchain/bin/../lib/gcc/arm-none-eabi/6.3.1/../../../../arm-none-eabi/lib/thumb/v6-m\libc_nano.a(lib_a-init.o)
__libc_fini_array                                 c:/program files (x86)/atmel/studio/7.0/toolchain/arm/arm-gnu-toolchain/bin/../lib/gcc/arm-none-eabi/6.3.1/../../../../arm-none-eabi/lib/thumb/v6-m/crt0.o
__libc_init_array                                 c:/program files (x86)/atmel/studio/7.0/toolchain/arm/arm-gnu-toolchain/bin/../lib/gcc/arm-none-eabi/6.3.1/../../../../arm-none-eabi/lib/thumb/v6-m\libc_nano.a(lib_a-init.o)
                                                  src/ASF/sam0/utils/cmsis/samd21/source/gcc/startup_samd21.o
                                                  c:/program files (x86)/atmel/studio/7.0/toolchain/arm/arm-gnu-toolchain/bin/../lib/gcc/arm-none-eabi/6.3.1/../../../../arm-none-eabi/lib/thumb/v6-m/crt0.o
__malloc_free_list                                c:/program files (x86)/atmel/studio/7.0/toolchain/arm/arm-gnu-toolchain/bin/../lib/gcc/arm-none-eabi/6.3.1/../../../../arm-none-eabi/lib/thumb/v6-m\libc_nano.a(lib_a-nano-mallocr.o)
                                                  c:/program files (x86)/atmel/studio/7.0/toolchain/arm/arm-gnu-toolchain/bin/../lib/gcc/arm-none-eabi/6.3.1/../../../../arm-none-eabi/lib/thumb/v6-m\libc_nano.a(lib_a-nano-freer.o)
__malloc_lock                                     c:/program files (x86)/atmel/studio/7.0/toolchain/arm/arm-gnu-toolchain/bin/../lib/gcc/arm-none-eabi/6.3.1/../../../../arm-none-eabi/lib/thumb/v6-m\libc_nano.a(lib_a-mlock.o)
                                                  c:/program files (x86)/atmel/studio/7.0/toolchain/arm/arm-gnu-toolchain/bin/../lib/gcc/arm-none-eabi/6.3.1/../../../../arm-none-eabi/lib/thumb/v6-m\libc_nano.a(lib_a-nano-mallocr.o)
                                                  c:/program files (x86)/atmel/studio/7.0/toolchain/arm/arm-gnu-toolchain/bin/../lib/gcc/arm-none-eabi/6.3.1/../../../../arm-none-eabi/lib/thumb/v6-m\libc_nano.a(lib_a-nano-freer.o)
__malloc_sbrk_start                               c:/program files (x86)/atmel/studio/7.0/toolchain/arm/arm-gnu-toolchain/bin/../lib/gcc/arm-none-eabi/6.3.1/../../../../arm-none-eabi/lib/thumb/v6-m\libc_nano.a(lib_a-nano-mallocr.o)
__malloc_unlock                                   c:/program files (x86)/atmel/studio/7.0/toolchain/arm/arm-gnu-toolchain/bin/../lib/gcc/arm-none-eabi/6.3.1/../../../../arm-none-eabi/lib/thumb/v6-m\libc_nano.a(lib_a-mlock.o)
                                                  c:/program files (x86)/atmel/studio/7.0/toolchain/arm/arm-gnu-toolchain/bin/../lib/gcc/arm-none-eabi/6.3.1/../../../../arm-none-eabi/lib/thumb/v6-m\libc_nano.a(lib_a-nano-mallocr.o)
                                                  c:/program files (x86)/atmel/studio/7.0/toolchain/arm/arm-gnu-toolchain/bin/../lib/gcc/arm-none-eabi/6.3.1/../../../../arm-none-eabi/lib/thumb/v6-m\libc_nano.a(lib_a-nano-freer.o)
__preinit_array_end                               c:/program files (x86)/atmel/studio/7.0/toolchain/arm/arm-gnu-toolchain/bin/../lib/gcc/arm-none-eabi/6.3.1/../../../../arm-none-eabi/lib/thumb/v6-m\libc_nano.a(lib_a-init.o)
__preinit_array_start                             c:/program files (x86)/atmel/studio/7.0/toolchain/arm/arm-gnu-toolchain/bin/../lib/gcc/arm-none-eabi/6.3.1/../../../../arm-none-eabi/lib/thumb/v6-m\libc_nano.a(lib_a-init.o)
__register_frame_info                             c:/program files (x86)/atmel/studio/7.0/toolchain/arm/arm-gnu-toolchain/bin/../lib/gcc/arm-none-eabi/6.3.1/thumb/v6-m/crtbegin.o
__sf_fake_stderr                                  c:/program files (x86)/atmel/studio/7.0/toolchain/arm/arm-gnu-toolchain/bin/../lib/gcc/arm-none-eabi/6.3.1/../../../../arm-none-eabi/lib/thumb/v6-m\libc_nano.a(lib_a-impure.o)
__sf_fake_stdin                                   c:/program files (x86)/atmel/studio/7.0/toolchain/arm/arm-gnu-toolchain/bin/../lib/gcc/arm-none-eabi/6.3.1/../../../../arm-none-eabi/lib/thumb/v6-m\libc_nano.a(lib_a-impure.o)
__sf_fake_stdout                                  c:/program files (x86)/atmel/studio/7.0/toolchain/arm/arm-gnu-toolchain/bin/../lib/gcc/arm-none-eabi/6.3.1/../../../../arm-none-eabi/lib/thumb/v6-m\libc_nano.a(lib_a-impure.o)
__ssprint_r                                       c:/program files (x86)/atmel/studio/7.0/toolchain/arm/arm-gnu-toolchain/bin/../lib/gcc/arm-none-eabi/6.3.1/../../../../arm-none-eabi/lib/thumb/v6-m\libc_nano.a(lib_a-nano-svfprintf.o)
__ssputs_r                                        c:/program files (x86)/atmel/studio/7.0/toolchain/arm/arm-gnu-toolchain/bin/../lib/gcc/arm-none-eabi/6.3.1/../../../../arm-none-eabi/lib/thumb/v6-m\libc_nano.a(lib_a-nano-svfprintf.o)
__stack                                           c:/program files (x86)/atmel/studio/7.0/toolchain/arm/arm-gnu-toolchain/bin/../lib/gcc/arm-none-eabi/6.3.1/../../../../arm-none-eabi/lib/thumb/v6-m/crt0.o
__udivsi3                                         c:/program files (x86)/atmel/studio/7.0/toolchain/arm/arm-gnu-toolchain/bin/../lib/gcc/arm-none-eabi/6.3.1/thumb/v6-m\libgcc.a(_udivsi3.o)
_close                                            src/ASF/sam0/utils/syscalls/gcc/syscalls.o
_end                                              src/ASF/sam0/utils/syscalls/gcc/syscalls.o
_erelocate                                        src/ASF/sam0/utils/cmsis/samd21/source/gcc/startup_samd21.o
_estack                                           src/ASF/sam0/utils/cmsis/samd21/source/gcc/startup_samd21.o
_etext                                            src/ASF/sam0/utils/cmsis/samd21/source/gcc/startup_samd21.o
_exit                                             src/ASF/sam0/utils/syscalls/gcc/syscalls.o
                                                  c:/program files (x86)/atmel/studio/7.0/toolchain/arm/arm-gnu-toolchain/bin/../lib/gcc/arm-none-eabi/6.3.1/../../../../arm-none-eabi/lib/thumb/v6-m\libc_nano.a(lib_a-exit.o)
_ezero                                            src/ASF/sam0/utils/cmsis/samd21/source/gcc/startup_samd21.o
_fini                                             c:/program files (x86)/atmel/studio/7.0/toolchain/arm/arm-gnu-toolchain/bin/../lib/gcc/arm-none-eabi/6.3.1/thumb/v6-m/crti.o
_free_r                                           c:/program files (x86)/atmel/studio/7.0/toolchain/arm/arm-gnu-toolchain/bin/../lib/gcc/arm-none-eabi/6.3.1/../../../../arm-none-eabi/lib/thumb/v6-m\libc_nano.a(lib_a-nano-freer.o)
                                                  c:/program files (x86)/atmel/studio/7.0/toolchain/arm/arm-gnu-toolchain/bin/../lib/gcc/arm-none-eabi/6.3.1/../../../../arm-none-eabi/lib/thumb/v6-m\libc_nano.a(lib_a-reent.o)
                                                  c:/program files (x86)/atmel/studio/7.0/toolchain/arm/arm-gnu-toolchain/bin/../lib/gcc/arm-none-eabi/6.3.1/../../../../arm-none-eabi/lib/thumb/v6-m\libc_nano.a(lib_a-nano-reallocr.o)
                                                  c:/program files (x86)/atmel/studio/7.0/toolchain/arm/arm-gnu-toolchain/bin/../lib/gcc/arm-none-eabi/6.3.1/../../../../arm-none-eabi/lib/thumb/v6-m\libc_nano.a(lib_a-nano-svfprintf.o)
_fstat                                            src/ASF/sam0/utils/syscalls/gcc/syscalls.o
_getpid                                           src/ASF/sam0/utils/syscalls/gcc/syscalls.o
_global_impure_ptr                                c:/program files (x86)/atmel/studio/7.0/toolchain/arm/arm-gnu-toolchain/bin/../lib/gcc/arm-none-eabi/6.3.1/../../../../arm-none-eabi/lib/thumb/v6-m\libc_nano.a(lib_a-impure.o)
                                                  c:/program files (x86)/atmel/studio/7.0/toolchain/arm/arm-gnu-toolchain/bin/../lib/gcc/arm-none-eabi/6.3.1/../../../../arm-none-eabi/lib/thumb/v6-m\libc_nano.a(lib_a-exit.o)
_impure_ptr                                       c:/program files (x86)/atmel/studio/7.0/toolchain/arm/arm-gnu-toolchain/bin/../lib/gcc/arm-none-eabi/6.3.1/../../../../arm-none-eabi/lib/thumb/v6-m\libc_nano.a(lib_a-impure.o)
                                                  c:/program files (x86)/atmel/studio/7.0/toolchain/arm/arm-gnu-toolchain/bin/../lib/gcc/arm-none-eabi/6.3.1/../../../../arm-none-eabi/lib/thumb/v6-m\libc_nano.a(lib_a-reent.o)
                                                  c:/program files (x86)/atmel/studio/7.0/toolchain/arm/arm-gnu-toolchain/bin/../lib/gcc/arm-none-eabi/6.3.1/../../../../arm-none-eabi/lib/thumb/v6-m\libc_nano.a(lib_a-sprintf.o)
_init                                             c:/program files (x86)/atmel/studio/7.0/toolchain/arm/arm-gnu-toolchain/bin/../lib/gcc/arm-none-eabi/6.3.1/thumb/v6-m/crti.o
                                                  c:/program files (x86)/atmel/studio/7.0/toolchain/arm/arm-gnu-toolchain/bin/../lib/gcc/arm-none-eabi/6.3.1/../../../../arm-none-eabi/lib/thumb/v6-m\libc_nano.a(lib_a-init.o)
_isatty                                           src/ASF/sam0/utils/syscalls/gcc/syscalls.o
_kill                                             src/ASF/sam0/utils/syscalls/gcc/syscalls.o
_lseek                                            src/ASF/sam0/utils/syscalls/gcc/syscalls.o
_mainCRTStartup                                   c:/program files (x86)/atmel/studio/7.0/toolchain/arm/arm-gnu-toolchain/bin/../lib/gcc/arm-none-eabi/6.3.1/../../../../arm-none-eabi/lib/thumb/v6-m/crt0.o
_malloc_r                                         c:/program files (x86)/atmel/studio/7.0/toolchain/arm/arm-gnu-toolchain/bin/../lib/gcc/arm-none-eabi/6.3.1/../../../../arm-none-eabi/lib/thumb/v6-m\libc_nano.a(lib_a-nano-mallocr.o)
                                                  c:/program files (x86)/atmel/studio/7.0/toolchain/arm/arm-gnu-toolchain/bin/../lib/gcc/arm-none-eabi/6.3.1/../../../../arm-none-eabi/lib/thumb/v6-m\libc_nano.a(lib_a-nano-reallocr.o)
                                                  c:/program files (x86)/atmel/studio/7.0/toolchain/arm/arm-gnu-toolchain/bin/../lib/gcc/arm-none-eabi/6.3.1/../../../../arm-none-eabi/lib/thumb/v6-m\libc_nano.a(lib_a-nano-svfprintf.o)
_malloc_usable_size_r                             c:/program files (x86)/atmel/studio/7.0/toolchain/arm/arm-gnu-toolchain/bin/../lib/gcc/arm-none-eabi/6.3.1/../../../../arm-none-eabi/lib/thumb/v6-m\libc_nano.a(lib_a-nano-msizer.o)
                                                  c:/program files (x86)/atmel/studio/7.0/toolchain/arm/arm-gnu-toolchain/bin/../lib/gcc/arm-none-eabi/6.3.1/../../../../arm-none-eabi/lib/thumb/v6-m\libc_nano.a(lib_a-nano-reallocr.o)
_printf_common                                    c:/program files (x86)/atmel/studio/7.0/toolchain/arm/arm-gnu-toolchain/bin/../lib/gcc/arm-none-eabi/6.3.1/../../../../arm-none-eabi/lib/thumb/v6-m\libc_nano.a(lib_a-nano-vfprintf_i.o)
_printf_float                                     c:/program files (x86)/atmel/studio/7.0/toolchain/arm/arm-gnu-toolchain/bin/../lib/gcc/arm-none-eabi/6.3.1/../../../../arm-none-eabi/lib/thumb/v6-m\libc_nano.a(lib_a-nano-svfprintf.o)
_printf_i                                         c:/program files (x86)/atmel/studio/7.0/toolchain/arm/arm-gnu-toolchain/bin/../lib/gcc/arm-none-eabi/6.3.1/../../../../arm-none-eabi/lib/thumb/v6-m\libc_nano.a(lib_a-nano-vfprintf_i.o)
                                                  c:/program files (x86)/atmel/studio/7.0/toolchain/arm/arm-gnu-toolchain/bin/../lib/gcc/arm-none-eabi/6.3.1/../../../../arm-none-eabi/lib/thumb/v6-m\libc_nano.a(lib_a-nano-svfprintf.o)
_realloc_r                                        c:/program files (x86)/atmel/studio/7.0/toolchain/arm/arm-gnu-toolchain/bin/../lib/gcc/arm-none-eabi/6.3.1/../../../../arm-none-eabi/lib/thumb/v6-m\libc_nano.a(lib_a-nano-reallocr.o)
                                                  c:/program files (x86)/atmel/studio/7.0/toolchain/arm/arm-gnu-toolchain/bin/../lib/gcc/arm-none-eabi/6.3.1/../../../../arm-none-eabi/lib/thumb/v6-m\libc_nano.a(lib_a-nano-svfprintf.o)
_reclaim_reent                                    c:/program files (x86)/atmel/studio/7.0/toolchain/arm/arm-gnu-toolchain/bin/../lib/gcc/arm-none-eabi/6.3.1/../../../../arm-none-eabi/lib/thumb/v6-m\libc_nano.a(lib_a-reent.o)
_sbrk                                             src/ASF/sam0/utils/syscalls/gcc/syscalls.o
                                                  c:/program files (x86)/atmel/studio/7.0/toolchain/arm/arm-gnu-toolchain/bin/../lib/gcc/arm-none-eabi/6.3.1/../../../../arm-none-eabi/lib/thumb/v6-m\libc_nano.a(lib_a-sbrkr.o)
_sbrk_r                                           c:/program files (x86)/atmel/studio/7.0/toolchain/arm/arm-gnu-toolchain/bin/../lib/gcc/arm-none-eabi/6.3.1/../../../../arm-none-eabi/lib/thumb/v6-m\libc_nano.a(lib_a-sbrkr.o)
                                                  c:/program files (x86)/atmel/studio/7.0/toolchain/arm/arm-gnu-toolchain/bin/../lib/gcc/arm-none-eabi/6.3.1/../../../../arm-none-eabi/lib/thumb/v6-m\libc_nano.a(lib_a-nano-mallocr.o)
_sfixed                                           src/ASF/sam0/utils/cmsis/samd21/source/gcc/startup_samd21.o
_siprintf_r                                       c:/program files (x86)/atmel/studio/7.0/toolchain/arm/arm-gnu-toolchain/bin/../lib/gcc/arm-none-eabi/6.3.1/../../../../arm-none-eabi/lib/thumb/v6-m\libc_nano.a(lib_a-sprintf.o)
_sprintf_r                                        c:/program files (x86)/atmel/studio/7.0/toolchain/arm/arm-gnu-toolchain/bin/../lib/gcc/arm-none-eabi/6.3.1/../../../../arm-none-eabi/lib/thumb/v6-m\libc_nano.a(lib_a-sprintf.o)
_srelocate                                        src/ASF/sam0/utils/cmsis/samd21/source/gcc/startup_samd21.o
_start                                            c:/program files (x86)/atmel/studio/7.0/toolchain/arm/arm-gnu-toolchain/bin/../lib/gcc/arm-none-eabi/6.3.1/../../../../arm-none-eabi/lib/thumb/v6-m/crt0.o
_svfiprintf_r                                     c:/program files (x86)/atmel/studio/7.0/toolchain/arm/arm-gnu-toolchain/bin/../lib/gcc/arm-none-eabi/6.3.1/../../../../arm-none-eabi/lib/thumb/v6-m\libc_nano.a(lib_a-nano-svfprintf.o)
_svfprintf_r                                      c:/program files (x86)/atmel/studio/7.0/toolchain/arm/arm-gnu-toolchain/bin/../lib/gcc/arm-none-eabi/6.3.1/../../../../arm-none-eabi/lib/thumb/v6-m\libc_nano.a(lib_a-nano-svfprintf.o)
                                                  c:/program files (x86)/atmel/studio/7.0/toolchain/arm/arm-gnu-toolchain/bin/../lib/gcc/arm-none-eabi/6.3.1/../../../../arm-none-eabi/lib/thumb/v6-m\libc_nano.a(lib_a-sprintf.o)
_system_divas_init                                src/ASF/sam0/drivers/system/system.o
_system_dummy_init                                src/ASF/sam0/drivers/system/system.o
_system_events_init                               src/ASF/sam0/drivers/system/system.o
_system_extint_init                               src/ASF/sam0/drivers/system/system.o
_szero                                            src/ASF/sam0/utils/cmsis/samd21/source/gcc/startup_samd21.o
atexit                                            c:/program files (x86)/atmel/studio/7.0/toolchain/arm/arm-gnu-toolchain/bin/../lib/gcc/arm-none-eabi/6.3.1/../../../../arm-none-eabi/lib/thumb/v6-m/crt0.o
board_init                                        src/ASF/common2/boards/user_board/init.o
cleanup_glue                                      c:/program files (x86)/atmel/studio/7.0/toolchain/arm/arm-gnu-toolchain/bin/../lib/gcc/arm-none-eabi/6.3.1/../../../../arm-none-eabi/lib/thumb/v6-m\libc_nano.a(lib_a-reent.o)
cpu_irq_enter_critical                            src/ASF/common/utils/interrupt/interrupt_sam_nvic.o
                                                  src/ASF/sam0/drivers/system/clock/clock_samd21_r21_da_ha1/gclk.o
cpu_irq_leave_critical                            src/ASF/common/utils/interrupt/interrupt_sam_nvic.o
                                                  src/ASF/sam0/drivers/system/clock/clock_samd21_r21_da_ha1/gclk.o
eTaskGetState                                     src/FreeRTOS/tasks.o
errno                                             c:/program files (x86)/atmel/studio/7.0/toolchain/arm/arm-gnu-toolchain/bin/../lib/gcc/arm-none-eabi/6.3.1/../../../../arm-none-eabi/lib/thumb/v6-m\libc_nano.a(lib_a-reent.o)
                                                  c:/program files (x86)/atmel/studio/7.0/toolchain/arm/arm-gnu-toolchain/bin/../lib/gcc/arm-none-eabi/6.3.1/../../../../arm-none-eabi/lib/thumb/v6-m\libc_nano.a(lib_a-sbrkr.o)
exception_table                                   src/ASF/sam0/utils/cmsis/samd21/source/gcc/startup_samd21.o
exit                                              c:/program files (x86)/atmel/studio/7.0/toolchain/arm/arm-gnu-toolchain/bin/../lib/gcc/arm-none-eabi/6.3.1/../../../../arm-none-eabi/lib/thumb/v6-m\libc_nano.a(lib_a-exit.o)
                                                  c:/program files (x86)/atmel/studio/7.0/toolchain/arm/arm-gnu-toolchain/bin/../lib/gcc/arm-none-eabi/6.3.1/../../../../arm-none-eabi/lib/thumb/v6-m/crt0.o
g_interrupt_enabled                               src/ASF/common/utils/interrupt/interrupt_sam_nvic.o
hardware_init_hook                                c:/program files (x86)/atmel/studio/7.0/toolchain/arm/arm-gnu-toolchain/bin/../lib/gcc/arm-none-eabi/6.3.1/../../../../arm-none-eabi/lib/thumb/v6-m/crt0.o
link                                              src/ASF/sam0/utils/syscalls/gcc/syscalls.o
main                                              src/main.o
                                                  src/ASF/sam0/utils/cmsis/samd21/source/gcc/startup_samd21.o
                                                  c:/program files (x86)/atmel/studio/7.0/toolchain/arm/arm-gnu-toolchain/bin/../lib/gcc/arm-none-eabi/6.3.1/../../../../arm-none-eabi/lib/thumb/v6-m/crt0.o
memchr                                            c:/program files (x86)/atmel/studio/7.0/toolchain/arm/arm-gnu-toolchain/bin/../lib/gcc/arm-none-eabi/6.3.1/../../../../arm-none-eabi/lib/thumb/v6-m\libc_nano.a(lib_a-memchr-stub.o)
                                                  c:/program files (x86)/atmel/studio/7.0/toolchain/arm/arm-gnu-toolchain/bin/../lib/gcc/arm-none-eabi/6.3.1/../../../../arm-none-eabi/lib/thumb/v6-m\libc_nano.a(lib_a-nano-vfprintf_i.o)
                                                  c:/program files (x86)/atmel/studio/7.0/toolchain/arm/arm-gnu-toolchain/bin/../lib/gcc/arm-none-eabi/6.3.1/../../../../arm-none-eabi/lib/thumb/v6-m\libc_nano.a(lib_a-nano-svfprintf.o)
memcpy                                            c:/program files (x86)/atmel/studio/7.0/toolchain/arm/arm-gnu-toolchain/bin/../lib/gcc/arm-none-eabi/6.3.1/../../../../arm-none-eabi/lib/thumb/v6-m\libc_nano.a(lib_a-memcpy-stub.o)
                                                  c:/program files (x86)/atmel/studio/7.0/toolchain/arm/arm-gnu-toolchain/bin/../lib/gcc/arm-none-eabi/6.3.1/../../../../arm-none-eabi/lib/thumb/v6-m\libc_nano.a(lib_a-nano-reallocr.o)
                                                  c:/program files (x86)/atmel/studio/7.0/toolchain/arm/arm-gnu-toolchain/bin/../lib/gcc/arm-none-eabi/6.3.1/../../../../arm-none-eabi/lib/thumb/v6-m\libc_nano.a(lib_a-nano-svfprintf.o)
                                                  src/FreeRTOS/stream_buffer.o
                                                  src/FreeRTOS/queue.o
memmove                                           c:/program files (x86)/atmel/studio/7.0/toolchain/arm/arm-gnu-toolchain/bin/../lib/gcc/arm-none-eabi/6.3.1/../../../../arm-none-eabi/lib/thumb/v6-m\libc_nano.a(lib_a-memmove.o)
                                                  c:/program files (x86)/atmel/studio/7.0/toolchain/arm/arm-gnu-toolchain/bin/../lib/gcc/arm-none-eabi/6.3.1/../../../../arm-none-eabi/lib/thumb/v6-m\libc_nano.a(lib_a-nano-svfprintf.o)
memset                                            c:/program files (x86)/atmel/studio/7.0/toolchain/arm/arm-gnu-toolchain/bin/../lib/gcc/arm-none-eabi/6.3.1/../../../../arm-none-eabi/lib/thumb/v6-m\libc_nano.a(lib_a-memset.o)
                                                  src/FreeRTOS/tasks.o
                                                  src/FreeRTOS/stream_buffer.o
                                                  c:/program files (x86)/atmel/studio/7.0/toolchain/arm/arm-gnu-toolchain/bin/../lib/gcc/arm-none-eabi/6.3.1/../../../../arm-none-eabi/lib/thumb/v6-m/crt0.o
pcQueueGetName                                    src/FreeRTOS/queue.o
pcTaskGetName                                     src/FreeRTOS/tasks.o
pcTimerGetName                                    src/FreeRTOS/timers.o
pvPortMalloc                                      src/FreeRTOS/portable/MemMang/heap_4.o
                                                  src/FreeRTOS/timers.o
                                                  src/FreeRTOS/tasks.o
                                                  src/FreeRTOS/stream_buffer.o
                                                  src/FreeRTOS/queue.o
                                                  src/FreeRTOS/event_groups.o
pvTaskIncrementMutexHeldCount                     src/FreeRTOS/tasks.o
                                                  src/FreeRTOS/queue.o
pvTimerGetTimerID                                 src/FreeRTOS/timers.o
pxCurrentTCB                                      src/FreeRTOS/tasks.o
                                                  src/FreeRTOS/portable/GCC/ARM_CM0/port.o
pxPortInitialiseStack                             src/FreeRTOS/portable/GCC/ARM_CM0/port.o
                                                  src/FreeRTOS/tasks.o
siprintf                                          c:/program files (x86)/atmel/studio/7.0/toolchain/arm/arm-gnu-toolchain/bin/../lib/gcc/arm-none-eabi/6.3.1/../../../../arm-none-eabi/lib/thumb/v6-m\libc_nano.a(lib_a-sprintf.o)
software_init_hook                                c:/program files (x86)/atmel/studio/7.0/toolchain/arm/arm-gnu-toolchain/bin/../lib/gcc/arm-none-eabi/6.3.1/../../../../arm-none-eabi/lib/thumb/v6-m/crt0.o
sprintf                                           c:/program files (x86)/atmel/studio/7.0/toolchain/arm/arm-gnu-toolchain/bin/../lib/gcc/arm-none-eabi/6.3.1/../../../../arm-none-eabi/lib/thumb/v6-m\libc_nano.a(lib_a-sprintf.o)
                                                  src/FreeRTOS/tasks.o
strcpy                                            c:/program files (x86)/atmel/studio/7.0/toolchain/arm/arm-gnu-toolchain/bin/../lib/gcc/arm-none-eabi/6.3.1/../../../../arm-none-eabi/lib/thumb/v6-m\libc_nano.a(lib_a-strcpy.o)
                                                  src/FreeRTOS/tasks.o
strlen                                            c:/program files (x86)/atmel/studio/7.0/toolchain/arm/arm-gnu-toolchain/bin/../lib/gcc/arm-none-eabi/6.3.1/../../../../arm-none-eabi/lib/thumb/v6-m\libc_nano.a(lib_a-strlen.o)
                                                  src/FreeRTOS/tasks.o
system_board_init                                 src/ASF/common2/boards/user_board/init.o
system_clock_init                                 src/ASF/sam0/drivers/system/clock/clock_samd21_r21_da_ha1/clock.o
system_clock_source_dfll_set_config               src/ASF/sam0/drivers/system/clock/clock_samd21_r21_da_ha1/clock.o
system_clock_source_disable                       src/ASF/sam0/drivers/system/clock/clock_samd21_r21_da_ha1/clock.o
system_clock_source_dpll_set_config               src/ASF/sam0/drivers/system/clock/clock_samd21_r21_da_ha1/clock.o
system_clock_source_enable                        src/ASF/sam0/drivers/system/clock/clock_samd21_r21_da_ha1/clock.o
system_clock_source_get_hz                        src/ASF/sam0/drivers/system/clock/clock_samd21_r21_da_ha1/clock.o
                                                  src/ASF/sam0/drivers/system/clock/clock_samd21_r21_da_ha1/gclk.o
system_clock_source_is_ready                      src/ASF/sam0/drivers/system/clock/clock_samd21_r21_da_ha1/clock.o
system_clock_source_osc32k_set_config             src/ASF/sam0/drivers/system/clock/clock_samd21_r21_da_ha1/clock.o
system_clock_source_osc8m_set_config              src/ASF/sam0/drivers/system/clock/clock_samd21_r21_da_ha1/clock.o
system_clock_source_write_calibration             src/ASF/sam0/drivers/system/clock/clock_samd21_r21_da_ha1/clock.o
system_clock_source_xosc32k_set_config            src/ASF/sam0/drivers/system/clock/clock_samd21_r21_da_ha1/clock.o
system_clock_source_xosc_set_config               src/ASF/sam0/drivers/system/clock/clock_samd21_r21_da_ha1/clock.o
system_gclk_chan_disable                          src/ASF/sam0/drivers/system/clock/clock_samd21_r21_da_ha1/gclk.o
system_gclk_chan_enable                           src/ASF/sam0/drivers/system/clock/clock_samd21_r21_da_ha1/gclk.o
system_gclk_chan_get_hz                           src/ASF/sam0/drivers/system/clock/clock_samd21_r21_da_ha1/gclk.o
                                                  src/ASF/sam0/drivers/system/clock/clock_samd21_r21_da_ha1/clock.o
system_gclk_chan_is_enabled                       src/ASF/sam0/drivers/system/clock/clock_samd21_r21_da_ha1/gclk.o
system_gclk_chan_is_locked                        src/ASF/sam0/drivers/system/clock/clock_samd21_r21_da_ha1/gclk.o
system_gclk_chan_lock                             src/ASF/sam0/drivers/system/clock/clock_samd21_r21_da_ha1/gclk.o
system_gclk_chan_set_config                       src/ASF/sam0/drivers/system/clock/clock_samd21_r21_da_ha1/gclk.o
                                                  src/ASF/sam0/drivers/system/clock/clock_samd21_r21_da_ha1/clock.o
system_gclk_gen_disable                           src/ASF/sam0/drivers/system/clock/clock_samd21_r21_da_ha1/gclk.o
system_gclk_gen_enable                            src/ASF/sam0/drivers/system/clock/clock_samd21_r21_da_ha1/gclk.o
                                                  src/ASF/sam0/drivers/system/clock/clock_samd21_r21_da_ha1/clock.o
system_gclk_gen_get_hz                            src/ASF/sam0/drivers/system/clock/clock_samd21_r21_da_ha1/gclk.o
system_gclk_gen_is_enabled                        src/ASF/sam0/drivers/system/clock/clock_samd21_r21_da_ha1/gclk.o
system_gclk_gen_set_config                        src/ASF/sam0/drivers/system/clock/clock_samd21_r21_da_ha1/gclk.o
                                                  src/ASF/sam0/drivers/system/clock/clock_samd21_r21_da_ha1/clock.o
system_gclk_init                                  src/ASF/sam0/drivers/system/clock/clock_samd21_r21_da_ha1/gclk.o
                                                  src/ASF/sam0/drivers/system/clock/clock_samd21_r21_da_ha1/clock.o
system_init                                       src/ASF/sam0/drivers/system/system.o
                                                  src/main.o
system_interrupt_clear_pending                    src/ASF/sam0/drivers/system/interrupt/system_interrupt.o
system_interrupt_get_priority                     src/ASF/sam0/drivers/system/interrupt/system_interrupt.o
system_interrupt_is_pending                       src/ASF/sam0/drivers/system/interrupt/system_interrupt.o
system_interrupt_set_pending                      src/ASF/sam0/drivers/system/interrupt/system_interrupt.o
system_interrupt_set_priority                     src/ASF/sam0/drivers/system/interrupt/system_interrupt.o
system_pinmux_group_set_config                    src/ASF/sam0/drivers/system/pinmux/pinmux.o
system_pinmux_group_set_input_sample_mode         src/ASF/sam0/drivers/system/pinmux/pinmux.o
system_pinmux_group_set_output_strength           src/ASF/sam0/drivers/system/pinmux/pinmux.o
system_pinmux_pin_set_config                      src/ASF/sam0/drivers/system/pinmux/pinmux.o
task_blink_led                                    src/main.o
task_blink_rx                                     src/main.o
task_blink_tx                                     src/main.o
ucQueueGetQueueType                               src/FreeRTOS/queue.o
ucStreamBufferGetStreamBufferType                 src/FreeRTOS/stream_buffer.o
ulMainGetRunTimeCounterValue                      src/main.o
                                                  src/FreeRTOS/tasks.o
ulSetInterruptMaskFromISR                         src/FreeRTOS/portable/GCC/ARM_CM0/port.o
                                                  src/main.o
                                                  src/FreeRTOS/tasks.o
                                                  src/FreeRTOS/stream_buffer.o
                                                  src/FreeRTOS/queue.o
                                                  src/FreeRTOS/event_groups.o
ulTaskNotifyTake                                  src/FreeRTOS/tasks.o
uxEventGroupGetNumber                             src/FreeRTOS/event_groups.o
uxListRemove                                      src/FreeRTOS/list.o
                                                  src/FreeRTOS/timers.o
                                                  src/FreeRTOS/tasks.o
uxQueueGetQueueNumber                             src/FreeRTOS/queue.o
uxQueueMessagesWaiting                            src/FreeRTOS/queue.o
uxQueueMessagesWaitingFromISR                     src/FreeRTOS/queue.o
uxQueueSpacesAvailable                            src/FreeRTOS/queue.o
uxStreamBufferGetStreamBufferNumber               src/FreeRTOS/stream_buffer.o
uxTaskGetNumberOfTasks                            src/FreeRTOS/tasks.o
uxTaskGetSystemState                              src/FreeRTOS/tasks.o
uxTaskGetTaskNumber                               src/FreeRTOS/tasks.o
uxTaskPriorityGet                                 src/FreeRTOS/tasks.o
uxTaskPriorityGetFromISR                          src/FreeRTOS/tasks.o
uxTaskResetEventItemValue                         src/FreeRTOS/tasks.o
                                                  src/FreeRTOS/event_groups.o
uxTimerGetTimerNumber                             src/FreeRTOS/timers.o
vApplicationIdleHook                              src/main.o
vApplicationMallocFailedHook                      src/main.o
                                                  src/FreeRTOS/portable/MemMang/heap_4.o
vApplicationStackOverflowHook                     src/main.o
                                                  src/FreeRTOS/tasks.o
vApplicationTickHook                              src/main.o
                                                  src/FreeRTOS/tasks.o
vClearInterruptMaskFromISR                        src/FreeRTOS/portable/GCC/ARM_CM0/port.o
                                                  src/FreeRTOS/tasks.o
                                                  src/FreeRTOS/stream_buffer.o
                                                  src/FreeRTOS/queue.o
                                                  src/FreeRTOS/event_groups.o
vEventGroupClearBitsCallback                      src/FreeRTOS/event_groups.o
vEventGroupDelete                                 src/FreeRTOS/event_groups.o
vEventGroupSetBitsCallback                        src/FreeRTOS/event_groups.o
vEventGroupSetNumber                              src/FreeRTOS/event_groups.o
vListInitialise                                   src/FreeRTOS/list.o
                                                  src/FreeRTOS/timers.o
                                                  src/FreeRTOS/tasks.o
                                                  src/FreeRTOS/queue.o
                                                  src/FreeRTOS/event_groups.o
vListInitialiseItem                               src/FreeRTOS/list.o
                                                  src/FreeRTOS/timers.o
                                                  src/FreeRTOS/tasks.o
vListInsert                                       src/FreeRTOS/list.o
                                                  src/FreeRTOS/timers.o
                                                  src/FreeRTOS/tasks.o
vListInsertEnd                                    src/FreeRTOS/list.o
                                                  src/FreeRTOS/tasks.o
vMainConfigureTimerForRunTimeStats                src/main.o
                                                  src/FreeRTOS/tasks.o
vPortEndScheduler                                 src/FreeRTOS/portable/GCC/ARM_CM0/port.o
                                                  src/FreeRTOS/tasks.o
vPortEnterCritical                                src/FreeRTOS/portable/GCC/ARM_CM0/port.o
                                                  src/FreeRTOS/timers.o
                                                  src/FreeRTOS/tasks.o
                                                  src/FreeRTOS/stream_buffer.o
                                                  src/FreeRTOS/queue.o
                                                  src/FreeRTOS/event_groups.o
vPortExitCritical                                 src/FreeRTOS/portable/GCC/ARM_CM0/port.o
                                                  src/FreeRTOS/timers.o
                                                  src/FreeRTOS/tasks.o
                                                  src/FreeRTOS/stream_buffer.o
                                                  src/FreeRTOS/queue.o
                                                  src/FreeRTOS/event_groups.o
vPortFree                                         src/FreeRTOS/portable/MemMang/heap_4.o
                                                  src/FreeRTOS/timers.o
                                                  src/FreeRTOS/tasks.o
                                                  src/FreeRTOS/stream_buffer.o
                                                  src/FreeRTOS/queue.o
                                                  src/FreeRTOS/event_groups.o
vPortInitialiseBlocks                             src/FreeRTOS/portable/MemMang/heap_4.o
vPortSVCHandler                                   src/FreeRTOS/portable/GCC/ARM_CM0/port.o
vPortYield                                        src/FreeRTOS/portable/GCC/ARM_CM0/port.o
                                                  src/FreeRTOS/timers.o
                                                  src/FreeRTOS/tasks.o
                                                  src/FreeRTOS/queue.o
                                                  src/FreeRTOS/event_groups.o
vQueueAddToRegistry                               src/FreeRTOS/queue.o
                                                  src/FreeRTOS/timers.o
vQueueDelete                                      src/FreeRTOS/queue.o
vQueueSetQueueNumber                              src/FreeRTOS/queue.o
vQueueUnregisterQueue                             src/FreeRTOS/queue.o
vQueueWaitForMessageRestricted                    src/FreeRTOS/queue.o
                                                  src/FreeRTOS/timers.o
vStreamBufferDelete                               src/FreeRTOS/stream_buffer.o
vStreamBufferSetStreamBufferNumber                src/FreeRTOS/stream_buffer.o
vTaskDelay                                        src/FreeRTOS/tasks.o
                                                  src/main.o
vTaskDelayUntil                                   src/FreeRTOS/tasks.o
vTaskDelete                                       src/FreeRTOS/tasks.o
vTaskEndScheduler                                 src/FreeRTOS/tasks.o
vTaskGetInfo                                      src/FreeRTOS/tasks.o
vTaskGetRunTimeStats                              src/FreeRTOS/tasks.o
vTaskInternalSetTimeOutState                      src/FreeRTOS/tasks.o
                                                  src/FreeRTOS/queue.o
vTaskList                                         src/FreeRTOS/tasks.o
vTaskMissedYield                                  src/FreeRTOS/tasks.o
                                                  src/FreeRTOS/queue.o
vTaskNotifyGiveFromISR                            src/FreeRTOS/tasks.o
vTaskPlaceOnEventList                             src/FreeRTOS/tasks.o
                                                  src/FreeRTOS/queue.o
vTaskPlaceOnEventListRestricted                   src/FreeRTOS/tasks.o
                                                  src/FreeRTOS/queue.o
vTaskPlaceOnUnorderedEventList                    src/FreeRTOS/tasks.o
                                                  src/FreeRTOS/event_groups.o
vTaskPriorityDisinheritAfterTimeout               src/FreeRTOS/tasks.o
                                                  src/FreeRTOS/queue.o
vTaskPrioritySet                                  src/FreeRTOS/tasks.o
vTaskRemoveFromUnorderedEventList                 src/FreeRTOS/tasks.o
                                                  src/FreeRTOS/event_groups.o
vTaskResume                                       src/FreeRTOS/tasks.o
vTaskSetTaskNumber                                src/FreeRTOS/tasks.o
vTaskSetTimeOutState                              src/FreeRTOS/tasks.o
                                                  src/FreeRTOS/stream_buffer.o
vTaskStartScheduler                               src/FreeRTOS/tasks.o
                                                  src/main.o
vTaskSuspend                                      src/FreeRTOS/tasks.o
vTaskSuspendAll                                   src/FreeRTOS/tasks.o
                                                  src/FreeRTOS/timers.o
                                                  src/FreeRTOS/stream_buffer.o
                                                  src/FreeRTOS/queue.o
                                                  src/FreeRTOS/portable/MemMang/heap_4.o
                                                  src/FreeRTOS/event_groups.o
vTaskSwitchContext                                src/FreeRTOS/tasks.o
                                                  src/FreeRTOS/portable/GCC/ARM_CM0/port.o
vTimerSetReloadMode                               src/FreeRTOS/timers.o
vTimerSetTimerID                                  src/FreeRTOS/timers.o
vTimerSetTimerNumber                              src/FreeRTOS/timers.o
xEventGroupClearBits                              src/FreeRTOS/event_groups.o
xEventGroupCreate                                 src/FreeRTOS/event_groups.o
xEventGroupGetBitsFromISR                         src/FreeRTOS/event_groups.o
xEventGroupSetBits                                src/FreeRTOS/event_groups.o
xEventGroupSync                                   src/FreeRTOS/event_groups.o
xEventGroupWaitBits                               src/FreeRTOS/event_groups.o
xPortGetFreeHeapSize                              src/FreeRTOS/portable/MemMang/heap_4.o
xPortGetMinimumEverFreeHeapSize                   src/FreeRTOS/portable/MemMang/heap_4.o
xPortStartScheduler                               src/FreeRTOS/portable/GCC/ARM_CM0/port.o
                                                  src/FreeRTOS/tasks.o
xQueueAddToSet                                    src/FreeRTOS/queue.o
xQueueCreateCountingSemaphore                     src/FreeRTOS/queue.o
xQueueCreateMutex                                 src/FreeRTOS/queue.o
xQueueCreateSet                                   src/FreeRTOS/queue.o
xQueueGenericCreate                               src/FreeRTOS/queue.o
                                                  src/FreeRTOS/timers.o
xQueueGenericReset                                src/FreeRTOS/queue.o
xQueueGenericSend                                 src/FreeRTOS/queue.o
                                                  src/FreeRTOS/timers.o
xQueueGenericSendFromISR                          src/FreeRTOS/queue.o
                                                  src/FreeRTOS/timers.o
xQueueGiveFromISR                                 src/FreeRTOS/queue.o
xQueueGiveMutexRecursive                          src/FreeRTOS/queue.o
xQueueIsQueueEmptyFromISR                         src/FreeRTOS/queue.o
xQueueIsQueueFullFromISR                          src/FreeRTOS/queue.o
xQueuePeek                                        src/FreeRTOS/queue.o
xQueuePeekFromISR                                 src/FreeRTOS/queue.o
xQueueReceive                                     src/FreeRTOS/queue.o
                                                  src/FreeRTOS/timers.o
xQueueReceiveFromISR                              src/FreeRTOS/queue.o
xQueueRegistry                                    src/FreeRTOS/queue.o
xQueueRemoveFromSet                               src/FreeRTOS/queue.o
xQueueSelectFromSet                               src/FreeRTOS/queue.o
xQueueSelectFromSetFromISR                        src/FreeRTOS/queue.o
xQueueSemaphoreTake                               src/FreeRTOS/queue.o
xQueueTakeMutexRecursive                          src/FreeRTOS/queue.o
xStreamBufferBytesAvailable                       src/FreeRTOS/stream_buffer.o
xStreamBufferGenericCreate                        src/FreeRTOS/stream_buffer.o
xStreamBufferIsEmpty                              src/FreeRTOS/stream_buffer.o
xStreamBufferIsFull                               src/FreeRTOS/stream_buffer.o
xStreamBufferNextMessageLengthBytes               src/FreeRTOS/stream_buffer.o
xStreamBufferReceive                              src/FreeRTOS/stream_buffer.o
xStreamBufferReceiveCompletedFromISR              src/FreeRTOS/stream_buffer.o
xStreamBufferReceiveFromISR                       src/FreeRTOS/stream_buffer.o
xStreamBufferReset                                src/FreeRTOS/stream_buffer.o
xStreamBufferSend                                 src/FreeRTOS/stream_buffer.o
xStreamBufferSendCompletedFromISR                 src/FreeRTOS/stream_buffer.o
xStreamBufferSendFromISR                          src/FreeRTOS/stream_buffer.o
xStreamBufferSetTriggerLevel                      src/FreeRTOS/stream_buffer.o
xStreamBufferSpacesAvailable                      src/FreeRTOS/stream_buffer.o
xTaskCheckForTimeOut                              src/FreeRTOS/tasks.o
                                                  src/FreeRTOS/stream_buffer.o
                                                  src/FreeRTOS/queue.o
xTaskCreate                                       src/FreeRTOS/tasks.o
                                                  src/main.o
                                                  src/FreeRTOS/timers.o